=====================================================================
== G:\SteamLibrary\steamapps\common\DayZServer\DayZServer_x64.exe
== DayZServer_x64.exe -noBattlEye -config=serverDZ.cfg -ip=192.168.0.103 -port=2502 "-profiles=G:\SteamLibrary\steamapps\common\DayZServer\ServerProfiles" -nosplash -noPause "-mod=@CF;@Dabs Framework;@Namalsk Island;@Namalsk Survival;@VPPAdminTools;@VPPAdminTools Ru Translate"
=====================================================================
Exe timestamp: 2026/08/15 12:57:52
Current time:  2026/08/17 01:58:15
Version 1.29.163709
=====================================================================

 1:58:15.670 ENGINE    (W): No module info used, trying to identify -> 0x51DB0000
 1:58:15.671 ENGINE    (W): Adjusting job system settings to have at least one job worker thread.
 1:58:15.835 [Inputs] Loading inputs default "bin/constants.xml"
 1:58:15.838 [Inputs] Loading inputs default "bin/specific.xml"
 1:58:15.840 [Inputs] Loading inputs default "nst/ns_dayz/scripts/Data/Inputs.xml"
 1:58:15.840 [Inputs] Loading inputs default "VPPAdminTools/data/modded_Inputs.xml"
 1:58:15.840 [Inputs] Loading inputs cfg "G:\SteamLibrary\steamapps\common\DayZServer\ServerProfiles\Users\Survivor\Server.core.xml"
 1:58:15.844 [Inputs] Exporting inputs cfg "G:\SteamLibrary\steamapps\common\DayZServer\ServerProfiles\Users\Survivor\Server.core.xml"
 1:58:18.00  ANIMATION (E): Can't load @VPPAdminTools Ru Translate/Anims/cfg/skeletons.anim.xml
 1:58:18.00  ANIMATION (E): Failed to open file, line 0, column 0
 1:58:18.00  ANIMATION (E): Can't load @VPPAdminTools/Anims/cfg/skeletons.anim.xml
 1:58:18.00  ANIMATION (E): Failed to open file, line 0, column 0
 1:58:18.00  ANIMATION (E): Can't load @Namalsk Survival/Anims/cfg/skeletons.anim.xml
 1:58:18.00  ANIMATION (E): Failed to open file, line 0, column 0
 1:58:18.00  ANIMATION (E): Can't load @Namalsk Island/Anims/cfg/skeletons.anim.xml
 1:58:18.00  ANIMATION (E): Failed to open file, line 0, column 0
 1:58:18.00  ANIMATION (E): Can't load @Dabs Framework/Anims/cfg/skeletons.anim.xml
 1:58:18.00  ANIMATION (E): Failed to open file, line 0, column 0
 1:58:18.00  ANIMATION (E): Can't load @CF/Anims/cfg/skeletons.anim.xml
 1:58:18.00  ANIMATION (E): Failed to open file, line 0, column 0
 1:58:18.00  ANIMATION (E): Can't load sakhal/Anims/cfg/skeletons.anim.xml
 1:58:18.00  ANIMATION (E): Failed to open file, line 0, column 0
 1:58:25.143 Hostname of server: "SVOBODA DayZ"
 1:58:25.869 NETWORK      : Network simulation
 1:58:25.869  Loading landscape 'namalsk'
 1:58:25.869   WORLD        : Create entity type 'Land_pas_amps_solo'
 1:58:25.869    ENTITY    (E): Type 'HouseType' must be inherited from class 'PASReceiverType'
 1:58:25.971   ENTITY       : Load entity type 'land_seb_garage'
 1:58:25.971    ENTITY    (W): Door 'doorstwin1' is missing geometry components for selection 'doorstwin1', check model+config
 1:58:25.975   ENTITY       : Load entity type 'Land_Container_1Aoh'
 1:58:25.975    ENTITY    (W): Door 'DoorsTwin1' is missing geometry components for selection 'DoorsTwin1', check model+config
 1:58:25.975   WORLD        : Create entity type 'Land_radio_panelpas'
 1:58:25.975    ENTITY    (E): Type 'HouseType' must be inherited from class 'PASBroadcasterType'
 1:58:25.985   ENTITY       : Load entity type 'Land_Factory_Small'
 1:58:25.985    ENTITY    (W): Door 'DoorsTwin1' is missing geometry components for selection 'DoorsTwin1', check model+config
 1:58:25.985    ENTITY    (W): Door 'DoorsTwin2' is missing geometry components for selection 'DoorsTwin2', check model+config
 1:58:26.04    ENTITY       : Load entity type 'Land_Container_1Bo'
 1:58:26.04     ENTITY    (W): Door 'DoorsTwin1' is missing geometry components for selection 'DoorsTwin1', check model+config
 1:58:26.04     ENTITY    (W): Door 'DoorsTwin2' is missing geometry components for selection 'DoorsTwin2', check model+config
 1:58:26.05    ENTITY       : Load entity type 'land_budova2_winter'
 1:58:26.05     ENTITY    (W): Door 'DoorsTwin1' is missing geometry components for selection 'DoorsTwin1', check model+config
 1:58:26.31    ENTITY       : Load entity type 'Land_Container_1Mo'
 1:58:26.31     ENTITY    (W): Door 'DoorsTwin1' is missing geometry components for selection 'DoorsTwin1', check model+config
 1:58:26.31     ENTITY    (W): Door 'DoorsTwin2' is missing geometry components for selection 'DoorsTwin2', check model+config
 1:58:26.33    ENTITY       : Load entity type 'land_budova1_winter'
 1:58:26.33     ENTITY    (W): Door 'DoorsTwin1' is missing geometry components for selection 'DoorsTwin1', check model+config
 1:58:26.50    WORLD        : Create entity type 'Land_radio_panelbig'
 1:58:26.50     ENTITY    (E): Type 'HouseType' must be inherited from class 'StaticTransmitterType'
 1:58:26.78    ENTITY       : Load entity type 'land_vys_budova_p1'
 1:58:26.78     ENTITY    (W): Unknown object class 'thing' (dz\structures\furniture\eletrical_appliances\washing_machine\washing_machine.p3d)
 1:58:26.79     ENTITY    (W): Unknown object class 'thing' (dz\structures\furniture\eletrical_appliances\washing_machine\washing_machine.p3d)
 1:58:26.80     ENTITY    (W): Unknown object class 'thing' (dz\structures\furniture\eletrical_appliances\washing_machine\washing_machine.p3d)
 1:58:26.94    ENTITY       : Load entity type 'Land_Mil_Barracks3'
 1:58:26.94     ENTITY    (W): Door 'DoorsTwin1' is missing geometry components for selection 'DoorsTwin1', check model+config
 1:58:26.95    ENTITY       : Load entity type 'land_budova3'
 1:58:26.95     ENTITY    (W): Door 'doorstwin1' is missing geometry components for selection 'doorstwin1', check model+config
 1:58:26.100   ENTITY       : Load entity type 'Land_Mil_Barracks1'
 1:58:26.100    ENTITY    (W): Door 'DoorsTwin1' is missing geometry components for selection 'DoorsTwin1', check model+config
 1:58:26.172   ENTITY       : Load entity type 'Land_Garage_Small'
 1:58:26.172    ENTITY    (W): Door 'DoorsTwin1' is missing geometry components for selection 'DoorsTwin1', check model+config
 1:58:26.187   ENTITY       : Load entity type 'Land_Mil_Barracks5'
 1:58:26.187    ENTITY    (W): Door 'DoorsTwin1' is missing geometry components for selection 'DoorsTwin1', check model+config
 1:58:26.277   ENTITY       : Load entity type 'Land_Workshop2'
 1:58:26.277    ENTITY    (W): Door 'DoorsTwin1' is missing geometry components for selection 'DoorsTwin1', check model+config
 1:58:26.295   ENTITY       : Load entity type 'Land_Wreck_S1023_Beige'
 1:58:26.295    ENTITY    (W): Door 'DoorsTwin1' is missing geometry components for selection 'DoorsTwin1', check model+config
 1:58:26.339   ENTITY       : Load entity type 'Land_Wreck_S1023_Blue'
 1:58:26.339    ENTITY    (W): Door 'DoorsTwin1' is missing geometry components for selection 'DoorsTwin1', check model+config
 1:58:26.339   ENTITY    (W): Unknown object class 'pond' (nst\ns\water\lakewater_still.p3d)
 1:58:26.409   ENTITY       : Load entity type 'Land_CementWorks_Hall2_Brick'
 1:58:26.409    ENTITY    (W): Door 'DoorsTwin1' is missing geometry components for selection 'DoorsTwin1', check model+config
 1:58:26.421   ENTITY       : Load entity type 'Land_Workshop3'
 1:58:26.421    ENTITY    (W): Door 'DoorsTwin1' is missing geometry components for selection 'DoorsTwin1', check model+config
 1:58:26.421    ENTITY    (W): Door 'DoorsTwin2' is missing geometry components for selection 'DoorsTwin2', check model+config
 1:58:26.436   ENTITY       : Load entity type 'Land_Workshop4'
 1:58:26.436    ENTITY    (W): Door 'DoorsTwin1' is missing geometry components for selection 'DoorsTwin1', check model+config
 1:58:26.464   ENTITY       : Load entity type 'Land_Workshop1'
 1:58:26.464    ENTITY    (W): Door 'DoorsTwin1' is missing geometry components for selection 'DoorsTwin1', check model+config
 1:58:26.494   ENTITY       : Load entity type 'Land_Airfield_Small_Control'
 1:58:26.494    ENTITY    (W): Unknown object class 'thing' (dz\structures\furniture\eletrical_appliances\washing_machine\washing_machine.p3d)
 1:58:26.495    ENTITY    (W): Unknown object class 'thing' (dz\structures\furniture\eletrical_appliances\washing_machine\washing_machine.p3d)
 1:58:26.495    ENTITY    (W): Unknown object class 'thing' (dz\structures\furniture\eletrical_appliances\washing_machine\washing_machine.p3d)
 1:58:26.496    ENTITY    (W): Unknown object class 'thing' (dz\structures\furniture\eletrical_appliances\washing_machine\washing_machine.p3d)
 1:58:26.506   ENTITY    (W): Unknown object class 'pond' (dz\water_sakhal\ice_lake\sakhal_50x50_ice_lake_clear.p3d)
 1:58:26.553   ENTITY       : Load entity type 'Land_Office2'
 1:58:26.553    ENTITY    (W): Door 'DoorsTwin1' is missing geometry components for selection 'DoorsTwin1', check model+config
 1:58:26.553    ENTITY    (W): Door 'DoorsTwin2' is missing geometry components for selection 'DoorsTwin2', check model+config
 1:58:26.553    ENTITY    (W): Door 'DoorsTwin3' is missing geometry components for selection 'DoorsTwin3', check model+config
 1:58:26.553    ENTITY    (W): Door 'DoorsTwin4' is missing geometry components for selection 'DoorsTwin4', check model+config
 1:58:26.553    ENTITY    (W): Door 'DoorsTwin5' is missing geometry components for selection 'DoorsTwin5', check model+config
 1:58:26.570   ENTITY       : Load entity type 'Land_City_Hospital'
 1:58:26.570    ENTITY    (W): Door 'DoorsTwin1' is missing geometry components for selection 'DoorsTwin1', check model+config
 1:58:26.600   ENTITY       : Load entity type 'Land_Office1'
 1:58:26.600    ENTITY    (W): Door 'DoorsTwin1' is missing geometry components for selection 'DoorsTwin1', check model+config
 1:58:26.600    ENTITY    (W): Door 'DoorsTwin2' is missing geometry components for selection 'DoorsTwin2', check model+config
 1:58:26.600    ENTITY    (W): Door 'DoorsTwin3' is missing geometry components for selection 'DoorsTwin3', check model+config
 1:58:26.600    ENTITY    (W): Door 'DoorsTwin4' is missing geometry components for selection 'DoorsTwin4', check model+config
 1:58:26.600    ENTITY    (W): Door 'DoorsTwin5' is missing geometry components for selection 'DoorsTwin5', check model+config
 1:58:26.600    ENTITY    (W): Door 'DoorsTwin6' is missing geometry components for selection 'DoorsTwin6', check model+config
 1:58:26.600    ENTITY    (W): Door 'DoorsTwin7' is missing geometry components for selection 'DoorsTwin7', check model+config
 1:58:26.622   ENTITY       : Load entity type 'Land_Container_1Moh'
 1:58:26.622    ENTITY    (W): Door 'DoorsTwin1' is missing geometry components for selection 'DoorsTwin1', check model+config
 1:58:26.648   ENTITY    (W): Unknown object class 'pond' (nst\ns\water\lakewater.p3d)
 1:58:26.702   ENTITY       : Load entity type 'Land_Garage_Row_Small'
 1:58:26.702    ENTITY    (W): Door 'DoorsTwin1' is missing geometry components for selection 'DoorsTwin1', check model+config
 1:58:26.702    ENTITY    (W): Door 'DoorsTwin2' is missing geometry components for selection 'DoorsTwin2', check model+config
 1:58:26.702    ENTITY    (W): Door 'DoorsTwin3' is missing geometry components for selection 'DoorsTwin3', check model+config
 1:58:26.817   ENTITY       : Load entity type 'Land_City_Store_WithStairs'
 1:58:26.817    ENTITY    (W): Door 'DoorsTwin1' is missing geometry components for selection 'DoorsTwin1', check model+config
 1:58:26.817    ENTITY    (W): Door 'DoorsTwin2' is missing geometry components for selection 'DoorsTwin2', check model+config
 1:58:26.817    ENTITY    (W): Door 'DoorsTwin3' is missing geometry components for selection 'DoorsTwin3', check model+config
 1:58:26.817    ENTITY    (W): Door 'DoorsTwin4' is missing geometry components for selection 'DoorsTwin4', check model+config
 1:58:26.817    ENTITY    (W): Door 'DoorsTwin5' is missing geometry components for selection 'DoorsTwin5', check model+config
 1:58:26.822   ENTITY       : Load entity type 'land_vor_apartment_high_2'
 1:58:26.822    ENTITY    (W): Door 'doorstwin1' is missing geometry components for selection 'doorstwin1', check model+config
 1:58:26.835   ENTITY       : Load entity type 'Land_Tenement_Small'
 1:58:26.835    ENTITY    (W): Unknown object class 'thing' (dz\structures\furniture\eletrical_appliances\washing_machine\washing_machine.p3d)
 1:58:26.835    ENTITY    (W): Unknown object class 'thing' (dz\structures\furniture\eletrical_appliances\washing_machine\washing_machine.p3d)
 1:58:26.835    ENTITY    (W): Unknown object class 'thing' (dz\structures\furniture\eletrical_appliances\washing_machine\washing_machine.p3d)
 1:58:26.835    ENTITY    (W): Unknown object class 'thing' (dz\structures\furniture\eletrical_appliances\washing_machine\washing_machine.p3d)
 1:58:26.835    ENTITY    (W): Unknown object class 'thing' (dz\structures\furniture\eletrical_appliances\washing_machine\washing_machine.p3d)
 1:58:26.835    ENTITY    (W): Unknown object class 'thing' (dz\structures\furniture\eletrical_appliances\washing_machine\washing_machine.p3d)
 1:58:26.835    ENTITY    (W): Unknown object class 'thing' (dz\structures\furniture\eletrical_appliances\washing_machine\washing_machine.p3d)
 1:58:26.906   ENTITY       : Load entity type 'Land_House_2W04'
 1:58:26.906    ENTITY    (W): Door 'DoorsTwin1' is missing geometry components for selection 'DoorsTwin1', check model+config
 1:58:26.916   ENTITY       : Load entity type 'Land_House_1W08_Brown'
 1:58:26.916    ENTITY    (W): Unknown object class 'thing' (dz\structures\furniture\eletrical_appliances\washing_machine\washing_machine.p3d)
 1:58:26.916    ENTITY    (W): Unknown object class 'thing' (dz\structures\furniture\eletrical_appliances\washing_machine\washing_machine.p3d)
 1:58:26.917    ENTITY    (W): Unknown object class 'thing' (dz\structures\furniture\eletrical_appliances\washing_machine\washing_machine.p3d)
 1:58:26.975   ENTITY    (W): Unknown object class 'pond' (dz\water_sakhal\ice_lake\sakhal_50x50_ice_lake_clear.p3d)
 1:58:27.22    ENTITY       : Load entity type 'Land_Tenement_Big'
 1:58:27.22     ENTITY    (W): Unknown object class 'thing' (dz\structures\furniture\eletrical_appliances\washing_machine\washing_machine.p3d)
 1:58:27.22     ENTITY    (W): Unknown object class 'thing' (dz\structures\furniture\eletrical_appliances\washing_machine\washing_machine.p3d)
 1:58:27.22     ENTITY    (W): Unknown object class 'thing' (dz\structures\furniture\eletrical_appliances\washing_machine\washing_machine.p3d)
 1:58:27.22     ENTITY    (W): Unknown object class 'thing' (dz\structures\furniture\eletrical_appliances\washing_machine\washing_machine.p3d)
 1:58:27.22     ENTITY    (W): Unknown object class 'thing' (dz\structures\furniture\eletrical_appliances\washing_machine\washing_machine.p3d)
 1:58:27.22     ENTITY    (W): Unknown object class 'thing' (dz\structures\furniture\eletrical_appliances\washing_machine\washing_machine.p3d)
 1:58:27.23     ENTITY    (W): Unknown object class 'thing' (dz\structures\furniture\eletrical_appliances\washing_machine\washing_machine.p3d)
 1:58:27.23     ENTITY    (W): Unknown object class 'thing' (dz\structures\furniture\eletrical_appliances\washing_machine\washing_machine.p3d)
 1:58:27.23     ENTITY    (W): Unknown object class 'thing' (dz\structures\furniture\eletrical_appliances\washing_machine\washing_machine.p3d)
 1:58:29.944  SCRIPT    (W): scripts/3_Game/undergroundarealoader.c:138 | SpawnAllTriggerCarriers | [WARNING] :: [UndergroundAreaLoader GetData()] :: file not found in MISSION folder, your path is $mission:cfgundergroundtriggers.json Attempting DATA folder
 1:58:29.944  SCRIPT    (W): scripts/3_Game/undergroundarealoader.c:138 | SpawnAllTriggerCarriers | [WARNING] :: [UndergroundAreaLoader GetData()] ::file not found in DATA folder, your path is dz/worlds/namalsk/ce/cfgundergroundtriggers.json
 1:58:30.07  [CE][Hive] :: Initializing OFFLINE
 1:58:30.07  [StorageDirs] :: Selected storage directory: G:\SteamLibrary\steamapps\common\DayZServer\mpmissions\regular.namalsk\storage_4\
 1:58:30.08  [CE][Hive] :: Loading core data ... 
 1:58:30.08  [CE][CoreData] :: 8 root classes, 0 defaults, 0 updaters...
 1:58:30.112  ENTITY       : Load entity type 'Land_House_2W02'
 1:58:30.112   ENTITY    (W): Door 'DoorsTwin1' is missing geometry components for selection 'DoorsTwin1', check model+config
 1:58:30.135  ENTITY    (W): Unknown object class 'pond' (dz\water_sakhal\ice_lake\sakhal_50x50_ice_lake_clear.p3d)
 1:58:30.157 [CE][Hive] :: Loading map data ... 
 1:58:36.177 [CE][TypeSetup] :: 601 classes setuped...
 1:58:38.847 [CE][RegisterBind] :: 0 classes binded...
 1:58:38.847 [CE][RegisterConfig] :: 11950 config classes registered, 0 sub-counters...
 1:58:38.847 [CE][Hive] :: Loading map data ... 
 1:58:38.926 [CE][LoadPrototype] :: loaded 256 prototypes
 1:58:38.926   404 containers, 7415 points
 1:58:38.926   1 dispatches, 1 proxies
 1:58:38.926 !!! [CE][LoadPrototype] 1 groups have wrong points...
 1:58:38.926 [CE][LoadPrototype] :: last group name: land_frozen_person...
 1:58:38.930 [CE][LoadPrototype] :: loaded 0 prototypes
 1:58:38.930   38 containers, 66 points
 1:58:38.930   0 dispatches, 0 proxies
 1:58:38.930 [CE][LoadPrototype] :: last group name: StoneLoc38...
 1:58:38.968 [CE][LoadMap] "Group" :: loaded 1445 groups, groups failed: 0, largest group range: 36.4
 1:58:38.970 [CE][LoadMap] "Dirt" :: loaded 0 groups, groups failed: 0, largest group range: 36.4
 1:58:38.975 [CE][Links] found 472 total links between groups, of 1445
 1:58:38.975 [CE][LoadClusters] "Cluster" :: Loading files...
 1:58:38.985 [CE][LoadClusters] :: file: "mapgroupcluster.xml", 1 types, 2418 instances
 1:58:38.986 [CE][Storage] ver:21 stamp:169, valid:yes, name:"G:\SteamLibrary\steamapps\common\DayZServer\mpmissions\regular.namalsk\storage_4\data\types.bin"
 1:58:38.988 [CE][Storage] ver:21 stamp:139, valid:yes, name:"G:\SteamLibrary\steamapps\common\DayZServer\mpmissions\regular.namalsk\storage_4\data\types.001"
 1:58:38.988 [CE][Storage] ver:21 stamp:140, valid:yes, name:"G:\SteamLibrary\steamapps\common\DayZServer\mpmissions\regular.namalsk\storage_4\data\types.002"
 1:58:38.992 [CE][Storage] Restoring file "G:\SteamLibrary\steamapps\common\DayZServer\mpmissions\regular.namalsk\storage_4\data\types.bin".
 1:58:39.114 [CE][offlineDB] :: Loaded 23 dynamic events 177 total types.
 1:58:39.132 !!! [CE][offlineDB] :: Type 'ChristmasTree' will be ignored. (Not spawnable. (Scope is not public?))
 1:58:39.140 [CE][DE][SPAWNS] :: Total positions: 711
 1:58:39.140 [CE][DE][GROUPS] :: Total eventgroups defined: 0, Eventgroups in use: 0
 1:58:39.140 [CE][Storage] ver:25 stamp:169, valid:yes, name:"G:\SteamLibrary\steamapps\common\DayZServer\mpmissions\regular.namalsk\storage_4\data\events.bin"
 1:58:39.141 [CE][Storage] ver:25 stamp:139, valid:yes, name:"G:\SteamLibrary\steamapps\common\DayZServer\mpmissions\regular.namalsk\storage_4\data\events.001"
 1:58:39.141 [CE][Storage] ver:25 stamp:140, valid:yes, name:"G:\SteamLibrary\steamapps\common\DayZServer\mpmissions\regular.namalsk\storage_4\data\events.002"
 1:58:39.141 [CE][Storage] Restoring file "G:\SteamLibrary\steamapps\common\DayZServer\mpmissions\regular.namalsk\storage_4\data\events.bin".
 1:58:39.141 [CE][DynamicEvent] Load  Events:[23] Primary spawners: 23 Secondary spawners: 0
 1:58:39.142 [CE][Storage] ver:26 stamp:169, valid:yes, name:"G:\SteamLibrary\steamapps\common\DayZServer\mpmissions\regular.namalsk\storage_4\data\dynamic_000.bin"
 1:58:39.142 [CE][Storage] ver:26 stamp:139, valid:yes, name:"G:\SteamLibrary\steamapps\common\DayZServer\mpmissions\regular.namalsk\storage_4\data\dynamic_000.001"
 1:58:39.143 [CE][Storage] ver:26 stamp:140, valid:yes, name:"G:\SteamLibrary\steamapps\common\DayZServer\mpmissions\regular.namalsk\storage_4\data\dynamic_000.002"
 1:58:39.143 [CE][Storage] Restoring file "G:\SteamLibrary\steamapps\common\DayZServer\mpmissions\regular.namalsk\storage_4\data\dynamic_000.bin" 1 items.
 1:58:39.145   1 items loaded. (0 failed)
 1:58:39.146 [CE][Storage] ver:26 stamp:169, valid:yes, name:"G:\SteamLibrary\steamapps\common\DayZServer\mpmissions\regular.namalsk\storage_4\data\dynamic_001.bin"
 1:58:39.147 [CE][Storage] ver:26 stamp:139, valid:yes, name:"G:\SteamLibrary\steamapps\common\DayZServer\mpmissions\regular.namalsk\storage_4\data\dynamic_001.001"
 1:58:39.147 [CE][Storage] ver:26 stamp:140, valid:yes, name:"G:\SteamLibrary\steamapps\common\DayZServer\mpmissions\regular.namalsk\storage_4\data\dynamic_001.002"
 1:58:39.148 [CE][Storage] Restoring file "G:\SteamLibrary\steamapps\common\DayZServer\mpmissions\regular.namalsk\storage_4\data\dynamic_001.bin" 29 items.
 1:58:39.210   29 items loaded. (0 failed)
 1:58:39.211 [CE][Storage] ver:26 stamp:169, valid:yes, name:"G:\SteamLibrary\steamapps\common\DayZServer\mpmissions\regular.namalsk\storage_4\data\dynamic_002.bin"
 1:58:39.212 [CE][Storage] ver:26 stamp:139, valid:yes, name:"G:\SteamLibrary\steamapps\common\DayZServer\mpmissions\regular.namalsk\storage_4\data\dynamic_002.001"
 1:58:39.213 [CE][Storage] ver:26 stamp:140, valid:yes, name:"G:\SteamLibrary\steamapps\common\DayZServer\mpmissions\regular.namalsk\storage_4\data\dynamic_002.002"
 1:58:39.213 [CE][Storage] Restoring file "G:\SteamLibrary\steamapps\common\DayZServer\mpmissions\regular.namalsk\storage_4\data\dynamic_002.bin" 69 items.
 1:58:39.301   69 items loaded. (0 failed)
 1:58:39.303 [CE][Storage] ver:26 stamp:169, valid:yes, name:"G:\SteamLibrary\steamapps\common\DayZServer\mpmissions\regular.namalsk\storage_4\data\dynamic_003.bin"
 1:58:39.304 [CE][Storage] ver:26 stamp:139, valid:yes, name:"G:\SteamLibrary\steamapps\common\DayZServer\mpmissions\regular.namalsk\storage_4\data\dynamic_003.001"
 1:58:39.304 [CE][Storage] ver:26 stamp:140, valid:yes, name:"G:\SteamLibrary\steamapps\common\DayZServer\mpmissions\regular.namalsk\storage_4\data\dynamic_003.002"
 1:58:39.304 [CE][Storage] Restoring file "G:\SteamLibrary\steamapps\common\DayZServer\mpmissions\regular.namalsk\storage_4\data\dynamic_003.bin" 862 items.
 1:58:39.470  WORLD        : Create entity type 'Headtorch_Grey'
 1:58:39.470   ENTITY    (E): Type 'Inventory_BaseType' must be inherited from class 'ClothingType'
 1:58:39.648  WORLD        : Create entity type 'Headtorch_Black'
 1:58:39.648   ENTITY    (E): Type 'Inventory_BaseType' must be inherited from class 'ClothingType'
 1:58:39.869  WORLD        : Create entity type 'Megaphone'
 1:58:39.869   ENTITY    (E): Type 'Inventory_BaseType' must be inherited from class 'ItemMegaphoneType'
 1:58:39.882  INVENTORY    : StreamLoad entity PolicePantsOrel:795
 1:58:39.882   WORLD        : Create entity type 'PersonalRadio'
 1:58:39.882    ENTITY    (E): Type 'Inventory_BaseType' must be inherited from class 'ItemTransmitterType'
 1:58:40.72    862 items loaded. (0 failed)
 1:58:40.74  [CE][Storage] ver:26 stamp:169, valid:yes, name:"G:\SteamLibrary\steamapps\common\DayZServer\mpmissions\regular.namalsk\storage_4\data\dynamic_004.bin"
 1:58:40.74  [CE][Storage] ver:26 stamp:139, valid:yes, name:"G:\SteamLibrary\steamapps\common\DayZServer\mpmissions\regular.namalsk\storage_4\data\dynamic_004.001"
 1:58:40.74  [CE][Storage] ver:26 stamp:140, valid:yes, name:"G:\SteamLibrary\steamapps\common\DayZServer\mpmissions\regular.namalsk\storage_4\data\dynamic_004.002"
 1:58:40.74  [CE][Storage] Restoring file "G:\SteamLibrary\steamapps\common\DayZServer\mpmissions\regular.namalsk\storage_4\data\dynamic_004.bin" 1865 items.
 1:58:41.160   1865 items loaded. (0 failed)
 1:58:41.162 [CE][Storage] ver:26 stamp:169, valid:yes, name:"G:\SteamLibrary\steamapps\common\DayZServer\mpmissions\regular.namalsk\storage_4\data\dynamic_005.bin"
 1:58:41.163 [CE][Storage] ver:26 stamp:139, valid:yes, name:"G:\SteamLibrary\steamapps\common\DayZServer\mpmissions\regular.namalsk\storage_4\data\dynamic_005.001"
 1:58:41.164 [CE][Storage] ver:26 stamp:140, valid:yes, name:"G:\SteamLibrary\steamapps\common\DayZServer\mpmissions\regular.namalsk\storage_4\data\dynamic_005.002"
 1:58:41.164 [CE][Storage] Restoring file "G:\SteamLibrary\steamapps\common\DayZServer\mpmissions\regular.namalsk\storage_4\data\dynamic_005.bin" 632 items.
 1:58:41.519   632 items loaded. (0 failed)
 1:58:41.520 [CE][Storage] ver:26 stamp:169, valid:yes, name:"G:\SteamLibrary\steamapps\common\DayZServer\mpmissions\regular.namalsk\storage_4\data\dynamic_006.bin"
 1:58:41.521 [CE][Storage] ver:26 stamp:139, valid:yes, name:"G:\SteamLibrary\steamapps\common\DayZServer\mpmissions\regular.namalsk\storage_4\data\dynamic_006.001"
 1:58:41.522 [CE][Storage] ver:26 stamp:140, valid:yes, name:"G:\SteamLibrary\steamapps\common\DayZServer\mpmissions\regular.namalsk\storage_4\data\dynamic_006.002"
 1:58:41.522 [CE][Storage] Restoring file "G:\SteamLibrary\steamapps\common\DayZServer\mpmissions\regular.namalsk\storage_4\data\dynamic_006.bin" 2077 items.
 1:58:42.734   2077 items loaded. (0 failed)
 1:58:42.736 [CE][Storage] ver:26 stamp:169, valid:yes, name:"G:\SteamLibrary\steamapps\common\DayZServer\mpmissions\regular.namalsk\storage_4\data\dynamic_007.bin"
 1:58:42.737 [CE][Storage] ver:26 stamp:139, valid:yes, name:"G:\SteamLibrary\steamapps\common\DayZServer\mpmissions\regular.namalsk\storage_4\data\dynamic_007.001"
 1:58:42.737 [CE][Storage] ver:26 stamp:140, valid:yes, name:"G:\SteamLibrary\steamapps\common\DayZServer\mpmissions\regular.namalsk\storage_4\data\dynamic_007.002"
 1:58:42.737 [CE][Storage] Restoring file "G:\SteamLibrary\steamapps\common\DayZServer\mpmissions\regular.namalsk\storage_4\data\dynamic_007.bin" 678 items.
 1:58:43.84    678 items loaded. (0 failed)
 1:58:43.84  [CE][Storage] ver:26 stamp:169, valid:yes, name:"G:\SteamLibrary\steamapps\common\DayZServer\mpmissions\regular.namalsk\storage_4\data\dynamic_008.bin"
 1:58:43.85  [CE][Storage] ver:26 stamp:139, valid:yes, name:"G:\SteamLibrary\steamapps\common\DayZServer\mpmissions\regular.namalsk\storage_4\data\dynamic_008.001"
 1:58:43.86  [CE][Storage] ver:26 stamp:140, valid:yes, name:"G:\SteamLibrary\steamapps\common\DayZServer\mpmissions\regular.namalsk\storage_4\data\dynamic_008.002"
 1:58:43.86  [CE][Storage] Restoring file "G:\SteamLibrary\steamapps\common\DayZServer\mpmissions\regular.namalsk\storage_4\data\dynamic_008.bin" 132 items.
 1:58:43.158   132 items loaded. (0 failed)
 1:58:43.159 [CE][Storage] ver:26 stamp:169, valid:yes, name:"G:\SteamLibrary\steamapps\common\DayZServer\mpmissions\regular.namalsk\storage_4\data\dynamic_009.bin"
 1:58:43.159 [CE][Storage] ver:26 stamp:139, valid:yes, name:"G:\SteamLibrary\steamapps\common\DayZServer\mpmissions\regular.namalsk\storage_4\data\dynamic_009.001"
 1:58:43.159 [CE][Storage] ver:26 stamp:140, valid:yes, name:"G:\SteamLibrary\steamapps\common\DayZServer\mpmissions\regular.namalsk\storage_4\data\dynamic_009.002"
 1:58:43.160 [CE][Storage] Restoring file "G:\SteamLibrary\steamapps\common\DayZServer\mpmissions\regular.namalsk\storage_4\data\dynamic_009.bin" 0 items.
 1:58:43.160   0 items loaded. (0 failed)
 1:58:43.160 [CE][Storage] ver:26 stamp:169, valid:yes, name:"G:\SteamLibrary\steamapps\common\DayZServer\mpmissions\regular.namalsk\storage_4\data\dynamic_010.bin"
 1:58:43.161 [CE][Storage] ver:26 stamp:139, valid:yes, name:"G:\SteamLibrary\steamapps\common\DayZServer\mpmissions\regular.namalsk\storage_4\data\dynamic_010.001"
 1:58:43.161 [CE][Storage] ver:26 stamp:140, valid:yes, name:"G:\SteamLibrary\steamapps\common\DayZServer\mpmissions\regular.namalsk\storage_4\data\dynamic_010.002"
 1:58:43.161 [CE][Storage] Restoring file "G:\SteamLibrary\steamapps\common\DayZServer\mpmissions\regular.namalsk\storage_4\data\dynamic_010.bin" 44 items.
 1:58:43.200   44 items loaded. (0 failed)
 1:58:43.200 [CE][Storage] ver:26 stamp:169, valid:yes, name:"G:\SteamLibrary\steamapps\common\DayZServer\mpmissions\regular.namalsk\storage_4\data\dynamic_011.bin"
 1:58:43.202 [CE][Storage] ver:26 stamp:139, valid:yes, name:"G:\SteamLibrary\steamapps\common\DayZServer\mpmissions\regular.namalsk\storage_4\data\dynamic_011.001"
 1:58:43.202 [CE][Storage] ver:26 stamp:140, valid:yes, name:"G:\SteamLibrary\steamapps\common\DayZServer\mpmissions\regular.namalsk\storage_4\data\dynamic_011.002"
 1:58:43.203 [CE][Storage] Restoring file "G:\SteamLibrary\steamapps\common\DayZServer\mpmissions\regular.namalsk\storage_4\data\dynamic_011.bin" 50 items.
 1:58:43.237   50 items loaded. (0 failed)
 1:58:43.238 [CE][Storage] ver:26 stamp:169, valid:yes, name:"G:\SteamLibrary\steamapps\common\DayZServer\mpmissions\regular.namalsk\storage_4\data\building.bin"
 1:58:43.238 [CE][Storage] ver:26 stamp:139, valid:yes, name:"G:\SteamLibrary\steamapps\common\DayZServer\mpmissions\regular.namalsk\storage_4\data\building.001"
 1:58:43.238 [CE][Storage] ver:26 stamp:140, valid:yes, name:"G:\SteamLibrary\steamapps\common\DayZServer\mpmissions\regular.namalsk\storage_4\data\building.002"
 1:58:43.238 [CE][Storage] Restoring file "G:\SteamLibrary\steamapps\common\DayZServer\mpmissions\regular.namalsk\storage_4\data\building.bin" 0 items.
 1:58:43.238   0 items loaded. (0 failed)
 1:58:43.239 [CE][Storage] ver:26 stamp:169, valid:yes, name:"G:\SteamLibrary\steamapps\common\DayZServer\mpmissions\regular.namalsk\storage_4\data\vehicles.bin"
 1:58:43.244 [CE][Storage] ver:26 stamp:139, valid:yes, name:"G:\SteamLibrary\steamapps\common\DayZServer\mpmissions\regular.namalsk\storage_4\data\vehicles.001"
 1:58:43.244 [CE][Storage] ver:26 stamp:140, valid:yes, name:"G:\SteamLibrary\steamapps\common\DayZServer\mpmissions\regular.namalsk\storage_4\data\vehicles.002"
 1:58:43.244 [CE][Storage] Restoring file "G:\SteamLibrary\steamapps\common\DayZServer\mpmissions\regular.namalsk\storage_4\data\vehicles.bin" 62 items.
 1:58:43.297  ENTITY       : Load entity type 'Land_Rail_Warehouse_Small'
 1:58:43.297   ENTITY    (W): Door 'DoorsTwin1' is missing geometry components for selection 'DoorsTwin1', check model+config
 1:58:43.297   ENTITY    (W): Door 'DoorsTwin2' is missing geometry components for selection 'DoorsTwin2', check model+config
 1:58:43.310  ENTITY       : Load entity type 'Land_Garage_Row_Big'
 1:58:43.310   ENTITY    (W): Door 'DoorsTwin1' is missing geometry components for selection 'DoorsTwin1', check model+config
 1:58:43.310   ENTITY    (W): Door 'DoorsTwin2' is missing geometry components for selection 'DoorsTwin2', check model+config
 1:58:43.310   ENTITY    (W): Door 'DoorsTwin3' is missing geometry components for selection 'DoorsTwin3', check model+config
 1:58:43.310   ENTITY    (W): Door 'DoorsTwin4' is missing geometry components for selection 'DoorsTwin4', check model+config
 1:58:43.358  ENTITY    (W): Unknown object class 'pond' (dz\water_sakhal\ice_lake\sakhal_50x50_ice_lake_clear.p3d)
 1:58:43.394  WORLD        : Create entity type 'BaseRadio'
 1:58:43.394   ENTITY    (E): Type 'Inventory_BaseType' must be inherited from class 'ItemTransmitterType'
 1:58:43.438   62 items loaded. (0 failed)
 1:58:43.465 [CE][Hive] :: Storage load took:4.33 seconds, recovery stamp:169
 1:58:43.465   entity: 7176, building: 0
 1:58:43.465   no lifetime: 14
 1:58:43.465   pathgraph's: 121
 1:58:43.466 [CE][Hive] :: Initializing ... 
 1:58:43.485 [CE][InitializeMap] :: initialized: 0
 1:58:43.485 [CE][Hive] :: Initializing spawners ... 
 1:58:43.486 [CE][LootRespawner] (PRIDummy) :: Initially (re)spawned:0, Nominal:6415, Total in Map: 6528 at 0 (sec)
 1:58:43.486   tests:0, repeats:0 fails:0, overtime:0
 1:58:43.488  WORLD        : Create entity type 'ZmbM_usSoldier_normal_Woodland'
 1:58:43.488   MATERIAL  (E): Object dz/characters/zombies/z_hermit_m.xob - cannot load material Material_1.emat
 1:58:43.810  WORLD        : Create entity type 'Animal_CapraHircusF'
 1:58:43.810   ENTITY    (E): Type 'ManType' must be inherited from class 'DayZAnimalType'
 1:58:43.819  WORLD        : Create entity type 'Animal_OvisAries'
 1:58:43.819   ENTITY    (E): Type 'ManType' must be inherited from class 'DayZAnimalType'
 1:58:43.822  WORLD        : Create entity type 'Animal_RangiferTarandus'
 1:58:43.822   ENTITY    (E): Type 'ManType' must be inherited from class 'DayZAnimalType'
 1:58:43.824  WORLD        : Create entity type 'Animal_RangiferTarandusF'
 1:58:43.824   ENTITY    (E): Type 'ManType' must be inherited from class 'DayZAnimalType'
 1:58:43.827  WORLD        : Create entity type 'Animal_SusScrofa'
 1:58:43.827   ENTITY    (E): Type 'ManType' must be inherited from class 'DayZAnimalType'
 1:58:43.830  WORLD        : Create entity type 'Animal_CanisLupus_Grey'
 1:58:43.830   ENTITY    (E): Type 'ManType' must be inherited from class 'DayZAnimalType'
 1:58:43.839  WORLD        : Create entity type 'Animal_UrsusArctos'
 1:58:43.839   ENTITY    (E): Type 'ManType' must be inherited from class 'DayZAnimalType'
 1:58:43.846  WORLD        : Create entity type 'Animal_UrsusMaritimus'
 1:58:43.846   ENTITY    (E): Type 'ManType' must be inherited from class 'DayZAnimalType'
 1:58:43.849 [CE][DynEvent] :: 23 types
 1:58:43.849 [00] Loot
 1:58:43.849   Primary Spawner: "Loot", active: yes, repeat: 2
 1:58:43.849 [01] StaticMedDrop
 1:58:43.849   Primary Spawner: "Static", active: yes, repeat: 1
 1:58:43.849 [02] StaticLifeboat
 1:58:43.849   Primary Spawner: "Static", active: yes, repeat: 1
 1:58:43.849 [03] ItemWoodenPlanks
 1:58:43.849   Primary Spawner: "Item", active: yes, repeat: 1
 1:58:43.849 [04] TrajectoryStones
 1:58:43.849   Primary Spawner: "Trajectory", active: yes, repeat: 1
 1:58:43.849 [05] InfectedSanta
 1:58:43.849   Primary Spawner: "Infected", active: yes, repeat: 1
 1:58:43.849 [06] InfectedArmy
 1:58:43.849   Primary Spawner: "Infected", active: yes, repeat: 1
 1:58:43.849 [07] InfectedIndustrial
 1:58:43.850   Primary Spawner: "Infected", active: yes, repeat: 1
 1:58:43.850 [08] InfectedCivil
 1:58:43.850   Primary Spawner: "Infected", active: yes, repeat: 1
 1:58:43.850 [09] InfectedMedic
 1:58:43.850   Primary Spawner: "Infected", active: yes, repeat: 1
 1:58:43.850 [10] AnimalGoat
 1:58:43.850   Primary Spawner: "Animal", active: yes, repeat: 1
 1:58:43.850 [11] AnimalSheep
 1:58:43.850   Primary Spawner: "Animal", active: yes, repeat: 1
 1:58:43.850 [12] AnimalReindeer
 1:58:43.850   Primary Spawner: "Animal", active: yes, repeat: 1
 1:58:43.850 [13] AnimalWildBoar
 1:58:43.850   Primary Spawner: "Animal", active: yes, repeat: 1
 1:58:43.850 [14] AnimalWolf
 1:58:43.850   Primary Spawner: "Animal", active: yes, repeat: 1
 1:58:43.850 [15] AnimalBrownBear
 1:58:43.850   Primary Spawner: "Animal", active: yes, repeat: 1
 1:58:43.850 [16] AnimalPolarBear
 1:58:43.850   Primary Spawner: "Animal", active: yes, repeat: 1
 1:58:43.850 [17] AmbientFox
 1:58:43.850   Primary Spawner: "Ambient", active: yes, repeat: 1
 1:58:43.850 [18] AmbientHare
 1:58:43.850   Primary Spawner: "Ambient", active: yes, repeat: 1
 1:58:43.850 [19] VehicleRubberBoats
 1:58:43.850   Primary Spawner: "Vehicle", active: yes, repeat: 1
 1:58:43.850 [20] VehicleCivilianCars
 1:58:43.850   Primary Spawner: "Vehicle", active: yes, repeat: 1
 1:58:43.850 [21] VehicleTrucks
 1:58:43.850   Primary Spawner: "Vehicle", active: yes, repeat: 1
 1:58:43.850 [22] VehicleMilitary
 1:58:43.850   Primary Spawner: "Vehicle", active: yes, repeat: 1
 1:58:43.850 [CE][Hive] :: Initializing of spawners done.
 1:58:43.852 [CE][Hive] :: Init sequence finished.
 1:58:43.852 Player connect enabled
 1:58:43.901 ENTITY    (W): Unknown object class 'pond' (nst\ns\water\lakewater.p3d)
 1:58:43.902 ENTITY    (W): Unknown object class 'pond' (nst\ns\water\lakewater.p3d)
 1:58:43.905 ENTITY    (W): Unknown object class 'pond' (nst\ns\water\lakewater.p3d)
 1:58:43.905 ENTITY    (W): Unknown object class 'pond' (nst\ns\water\lakewater.p3d)
 1:58:43.905 ENTITY    (W): Unknown object class 'pond' (nst\ns\water\lakewater.p3d)
 1:58:43.905 ENTITY    (W): Unknown object class 'pond' (nst\ns\water\lakewater.p3d)
 1:58:43.905 ENTITY    (W): Unknown object class 'pond' (nst\ns\water\lakewater.p3d)
 1:58:43.905 ENTITY    (W): Unknown object class 'pond' (nst\ns\water\lakewater.p3d)
 1:58:43.905 ENTITY    (W): Unknown object class 'pond' (nst\ns\water\lakewater.p3d)
 1:58:43.905 ENTITY    (W): Unknown object class 'pond' (nst\ns\water\lakewater.p3d)
 1:58:43.906 ENTITY    (W): Unknown object class 'pond' (nst\ns\water\lakewater.p3d)
 1:58:43.906 ENTITY    (W): Unknown object class 'pond' (nst\ns\water\lakewater.p3d)
 1:58:43.907 ENTITY    (W): Unknown object class 'pond' (nst\ns\water\lakewater.p3d)
 1:58:43.907 ENTITY    (W): Unknown object class 'pond' (nst\ns\water\lakewater.p3d)
 1:58:43.908 ENTITY    (W): Unknown object class 'pond' (nst\ns\water\lakewater.p3d)
 1:58:43.908 ENTITY    (W): Unknown object class 'pond' (nst\ns\water\lakewater.p3d)
 1:58:43.908 ENTITY    (W): Unknown object class 'pond' (nst\ns\water\lakewater.p3d)
 1:58:43.908 ENTITY    (W): Unknown object class 'pond' (nst\ns\water\lakewater.p3d)
 1:58:43.908 ENTITY    (W): Unknown object class 'pond' (nst\ns\water\lakewater.p3d)
 1:58:43.914 ENTITY    (W): Unknown object class 'pond' (nst\ns\water\lakewater.p3d)
 1:58:43.914 ENTITY    (W): Unknown object class 'pond' (nst\ns\water\lakewater.p3d)
 1:58:43.915 ENTITY    (W): Unknown object class 'pond' (nst\ns\water\lakewater.p3d)
 1:58:43.915 ENTITY    (W): Unknown object class 'pond' (nst\ns\water\lakewater.p3d)
 1:58:43.923 ENTITY    (W): Unknown object class 'pond' (dz\water_sakhal\ice_lake\sakhal_50x50_ice_lake_clear.p3d)
 1:58:44.114 [IdleMode] Entering IN - save processed
 1:58:44.128 ENTITY    (W): Unknown object class 'pond' (dz\water_sakhal\ice_lake\sakhal_50x50_ice_lake_clear.p3d)
 1:58:44.128 ENTITY    (W): Unknown object class 'pond' (dz\water_sakhal\ice_lake\sakhal_50x50_ice_lake_clear.p3d)
 1:58:44.150 ENTITY    (W): Unknown object class 'pond' (dz\water_sakhal\ice_lake\sakhal_50x50_ice_lake_clear.p3d)
 1:58:44.151 ENTITY    (W): Unknown object class 'pond' (dz\water_sakhal\ice_lake\sakhal_50x50_ice_lake_clear.p3d)
 1:58:44.199 ENTITY    (W): Unknown object class 'pond' (nst\ns\water\lakewater.p3d)
 1:58:44.200 ENTITY    (W): Unknown object class 'pond' (nst\ns\water\lakewater.p3d)
 1:58:44.200 ENTITY    (W): Unknown object class 'pond' (nst\ns\water\lakewater.p3d)
 1:58:44.200 ENTITY    (W): Unknown object class 'pond' (nst\ns\water\lakewater.p3d)
 1:58:44.201 ENTITY    (W): Unknown object class 'pond' (nst\ns\water\lakewater.p3d)
 1:58:44.201 ENTITY    (W): Unknown object class 'pond' (nst\ns\water\lakewater.p3d)
 1:58:44.201 ENTITY    (W): Unknown object class 'pond' (nst\ns\water\lakewater.p3d)
 1:58:44.201 ENTITY    (W): Unknown object class 'pond' (nst\ns\water\lakewater.p3d)
 1:58:44.202 ENTITY    (W): Unknown object class 'pond' (nst\ns\water\lakewater.p3d)
 1:58:44.202 ENTITY    (W): Unknown object class 'pond' (nst\ns\water\lakewater.p3d)
 1:58:44.202 ENTITY    (W): Unknown object class 'pond' (dz\water_sakhal\ice_lake\sakhal_50x50_ice_lake_clear.p3d)
 1:58:44.202 ENTITY    (W): Unknown object class 'pond' (dz\water_sakhal\ice_lake\sakhal_50x50_ice_lake_clear.p3d)
 1:58:44.203 ENTITY    (W): Unknown object class 'pond' (nst\ns\water\lakewater.p3d)
 1:58:44.230 ENTITY    (W): Unknown object class 'pond' (nst\ns\water\lakewater.p3d)
 1:58:44.233 ENTITY    (W): Unknown object class 'pond' (nst\ns\water\lakewater.p3d)
 1:58:44.239 ENTITY    (W): Unknown object class 'pond' (nst\ns\water\lakewater.p3d)
 1:58:44.239 ENTITY    (W): Unknown object class 'pond' (nst\ns\water\lakewater.p3d)
 1:58:44.253 ENTITY    (W): Unknown object class 'pond' (nst\ns\water\lakewater.p3d)
 1:58:44.339 ENTITY       : Load entity type 'land_seb_near_fac7'
 1:58:44.339  ENTITY    (W): Door 'doorstwin1' is missing geometry components for selection 'doorstwin1', check model+config
 1:58:44.371 ENTITY    (W): Unknown object class 'pond' (dz\water_sakhal\ice_lake\sakhal_50x50_ice_lake_clear.p3d)
 1:58:44.472 ENTITY       : Load entity type 'Land_City_School'
 1:58:44.472  ENTITY    (W): Door 'DoorsTwin1' is missing geometry components for selection 'DoorsTwin1', check model+config
 1:58:44.472  ENTITY    (W): Door 'DoorsTwin3' is missing geometry components for selection 'DoorsTwin3', check model+config
 1:58:44.472  ENTITY    (W): Door 'DoorsTwin4' is missing geometry components for selection 'DoorsTwin4', check model+config
 1:58:44.472  ENTITY    (W): Door 'DoorsTwin5' is missing geometry components for selection 'DoorsTwin5', check model+config
 1:58:44.472  ENTITY    (W): Door 'DoorsTwin6' is missing geometry components for selection 'DoorsTwin6', check model+config
 1:58:44.472  ENTITY    (W): Door 'DoorsTwin7' is missing geometry components for selection 'DoorsTwin7', check model+config
 1:58:44.476  ENTITY    (W): Unknown object class 'thing' (dz\structures\proxy_buildingparts\lightningcond\lightningconductormiddle\lightningconductormiddle.p3d)
 1:58:44.476  ENTITY    (W): Unknown object class 'thing' (dz\structures\proxy_buildingparts\lightningcond\lightningconductormiddle\lightningconductormiddle.p3d)
 1:58:44.476  ENTITY    (W): Unknown object class 'thing' (dz\structures\proxy_buildingparts\lightningcond\lightningconductormiddle\lightningconductormiddle.p3d)
 1:58:44.476  ENTITY    (W): Unknown object class 'thing' (dz\structures\proxy_buildingparts\lightningcond\lightningconductormiddle\lightningconductormiddle.p3d)
 1:58:44.476  ENTITY    (W): Unknown object class 'thing' (dz\structures\proxy_buildingparts\lightningcond\lightningconductormiddle\lightningconductormiddle.p3d)
 1:58:44.476  ENTITY    (W): Unknown object class 'thing' (dz\structures\proxy_buildingparts\lightningcond\lightningconductormiddle\lightningconductormiddle.p3d)
 1:58:44.476  ENTITY    (W): Unknown object class 'thing' (dz\structures\proxy_buildingparts\lightningcond\lightningconductormiddle\lightningconductormiddle.p3d)
 1:58:44.476  ENTITY    (W): Unknown object class 'thing' (dz\structures\proxy_buildingparts\lightningcond\lightningconductormiddle\lightningconductormiddle.p3d)
 1:58:44.476  ENTITY    (W): Unknown object class 'thing' (dz\structures\proxy_buildingparts\lightningcond\lightningconductormiddle\lightningconductormiddle.p3d)
 1:58:44.476  ENTITY    (W): Unknown object class 'thing' (dz\structures\proxy_buildingparts\lightningcond\lightningconductormiddle\lightningconductormiddle.p3d)
 1:58:44.476  ENTITY    (W): Unknown object class 'thing' (dz\structures\proxy_buildingparts\lightningcond\lightningconductormiddle\lightningconductormiddle.p3d)
 1:58:44.476  ENTITY    (W): Unknown object class 'thing' (dz\structures\proxy_buildingparts\lightningcond\lightningconductormiddle\lightningconductormiddle.p3d)
 1:58:44.476  ENTITY    (W): Unknown object class 'thing' (dz\structures\proxy_buildingparts\lightningcond\lightningconductormiddle\lightningconductormiddle.p3d)
 1:58:44.476  ENTITY    (W): Unknown object class 'thing' (dz\structures\proxy_buildingparts\lightningcond\lightningconductormiddle\lightningconductormiddle.p3d)
 1:58:44.476  ENTITY    (W): Unknown object class 'thing' (dz\structures\proxy_buildingparts\lightningcond\lightningconductormiddle\lightningconductormiddle.p3d)
 1:58:44.476  ENTITY    (W): Unknown object class 'thing' (dz\structures\proxy_buildingparts\lightningcond\lightningconductormiddle\lightningconductormiddle.p3d)
 1:58:44.476  ENTITY    (W): Unknown object class 'thing' (dz\structures\proxy_buildingparts\lightningcond\lightningconductormiddle\lightningconductormiddle.p3d)
 1:58:44.476  ENTITY    (W): Unknown object class 'thing' (dz\structures\proxy_buildingparts\lightningcond\lightningconductormiddle\lightningconductormiddle.p3d)
 1:58:44.476  ENTITY    (W): Unknown object class 'thing' (dz\structures\proxy_buildingparts\lightningcond\lightningconductormiddle\lightningconductormiddle.p3d)
 1:58:44.476  ENTITY    (W): Unknown object class 'thing' (dz\structures\proxy_buildingparts\lightningcond\lightningconductormiddle\lightningconductormiddle.p3d)
 1:58:44.476  ENTITY    (W): Unknown object class 'thing' (dz\structures\proxy_buildingparts\lightningcond\lightningconductormiddle\lightningconductormiddle.p3d)
 1:58:44.476  ENTITY    (W): Unknown object class 'thing' (dz\structures\proxy_buildingparts\lightningcond\lightningconductormiddle\lightningconductormiddle.p3d)
 1:58:44.476  ENTITY    (W): Unknown object class 'thing' (dz\structures\proxy_buildingparts\lightningcond\lightningconductormiddle\lightningconductormiddle.p3d)
 1:58:44.476  ENTITY    (W): Unknown object class 'thing' (dz\structures\proxy_buildingparts\lightningcond\lightningconductormiddle\lightningconductormiddle.p3d)
 1:58:44.476  ENTITY    (W): Unknown object class 'thing' (dz\structures\proxy_buildingparts\lightningcond\lightningconductormiddle\lightningconductormiddle.p3d)
 1:58:44.476  ENTITY    (W): Unknown object class 'thing' (dz\structures\proxy_buildingparts\lightningcond\lightningconductormiddle\lightningconductormiddle.p3d)
 1:58:44.476  ENTITY    (W): Unknown object class 'thing' (dz\structures\proxy_buildingparts\lightningcond\lightningconductormiddle\lightningconductormiddle.p3d)
 1:58:44.476  ENTITY    (W): Unknown object class 'thing' (dz\structures\proxy_buildingparts\lightningcond\lightningconductormiddle\lightningconductormiddle.p3d)
 1:58:44.476  ENTITY    (W): Unknown object class 'thing' (dz\structures\proxy_buildingparts\lightningcond\lightningconductormiddle\lightningconductormiddle.p3d)
 1:58:44.476  ENTITY    (W): Unknown object class 'thing' (dz\structures\proxy_buildingparts\lightningcond\lightningconductormiddle\lightningconductormiddle.p3d)
 1:58:44.476  ENTITY    (W): Unknown object class 'thing' (dz\structures\proxy_buildingparts\lightningcond\lightningconductormiddle\lightningconductormiddle.p3d)
 1:58:44.476  ENTITY    (W): Unknown object class 'thing' (dz\structures\proxy_buildingparts\lightningcond\lightningconductormiddle\lightningconductormiddle.p3d)
 1:58:44.476  ENTITY    (W): Unknown object class 'thing' (dz\structures\proxy_buildingparts\lightningcond\lightningconductormiddle\lightningconductormiddle.p3d)
 1:58:44.476  ENTITY    (W): Unknown object class 'thing' (dz\structures\proxy_buildingparts\lightningcond\lightningconductormiddle\lightningconductormiddle.p3d)
 1:58:44.476  ENTITY    (W): Unknown object class 'thing' (dz\structures\proxy_buildingparts\lightningcond\lightningconductormiddle\lightningconductormiddle.p3d)
 1:58:44.476  ENTITY    (W): Unknown object class 'thing' (dz\structures\proxy_buildingparts\lightningcond\lightningconductormiddle\lightningconductormiddle.p3d)
 1:58:44.476  ENTITY    (W): Unknown object class 'thing' (dz\structures\proxy_buildingparts\lightningcond\lightningconductormiddle\lightningconductormiddle.p3d)
 1:58:44.476  ENTITY    (W): Unknown object class 'thing' (dz\structures\proxy_buildingparts\lightningcond\lightningconductormiddle\lightningconductormiddle.p3d)
 1:58:44.476  ENTITY    (W): Unknown object class 'thing' (dz\structures\proxy_buildingparts\lightningcond\lightningconductormiddle\lightningconductormiddle.p3d)
 1:58:44.476  ENTITY    (W): Unknown object class 'thing' (dz\structures\proxy_buildingparts\lightningcond\lightningconductormiddle\lightningconductormiddle.p3d)
 1:58:44.476  ENTITY    (W): Unknown object class 'thing' (dz\structures\proxy_buildingparts\lightningcond\lightningconductormiddle\lightningconductormiddle.p3d)
 1:58:44.476  ENTITY    (W): Unknown object class 'thing' (dz\structures\proxy_buildingparts\lightningcond\lightningconductormiddle\lightningconductormiddle.p3d)
 1:58:44.476  ENTITY    (W): Unknown object class 'thing' (dz\structures\proxy_buildingparts\lightningcond\lightningconductormiddle\lightningconductormiddle.p3d)
 1:58:44.476  ENTITY    (W): Unknown object class 'thing' (dz\structures\proxy_buildingparts\lightningcond\lightningconductormiddle\lightningconductormiddle.p3d)
 1:58:44.476  ENTITY    (W): Unknown object class 'thing' (dz\structures\proxy_buildingparts\lightningcond\lightningconductormiddle\lightningconductormiddle.p3d)
 1:58:44.476  ENTITY    (W): Unknown object class 'thing' (dz\structures\proxy_buildingparts\lightningcond\lightningconductormiddle\lightningconductormiddle.p3d)
 1:58:44.476  ENTITY    (W): Unknown object class 'thing' (dz\structures\proxy_buildingparts\lightningcond\lightningconductormiddle\lightningconductormiddle.p3d)
 1:58:44.476  ENTITY    (W): Unknown object class 'thing' (dz\structures\proxy_buildingparts\lightningcond\lightningconductormiddle\lightningconductormiddle.p3d)
 1:58:44.476  ENTITY    (W): Unknown object class 'thing' (dz\structures\proxy_buildingparts\lightningcond\lightningconductormiddle\lightningconductormiddle.p3d)
 1:58:44.476  ENTITY    (W): Unknown object class 'thing' (dz\structures\proxy_buildingparts\lightningcond\lightningconductormiddle\lightningconductormiddle.p3d)
 1:58:44.476  ENTITY    (W): Unknown object class 'thing' (dz\structures\proxy_buildingparts\lightningcond\lightningconductormiddle\lightningconductormiddle.p3d)
 1:58:44.628 ENTITY       : Load entity type 'Land_Boathouse'
 1:58:44.628  ENTITY    (W): Door 'DoorsTwin1' is missing geometry components for selection 'DoorsTwin1', check model+config
 1:58:44.690 ENTITY       : Load entity type 'Land_Ruin_HouseBig1_NoIvy'
 1:58:44.690  ENTITY    (W): Door 'DoorsTwin1' is missing geometry components for selection 'DoorsTwin1', check model+config
 1:58:44.693 ENTITY       : Load entity type 'Land_Ruin_HouseBig3_NoIvy'
 1:58:44.693  ENTITY    (W): Door 'DoorsTwin1' is missing geometry components for selection 'DoorsTwin1', check model+config
 1:58:44.697 ENTITY       : Load entity type 'Land_Ruin_HouseBig1_NoIvy_Half'
 1:58:44.697  ENTITY    (W): Door 'DoorsTwin1' is missing geometry components for selection 'DoorsTwin1', check model+config
 1:58:44.706 ENTITY       : Load entity type 'Land_Ruin_HouseBig3_NoIvy_Half'
 1:58:44.706  ENTITY    (W): Door 'DoorsTwin1' is missing geometry components for selection 'DoorsTwin1', check model+config
 1:58:44.738 ENTITY       : Load entity type 'Land_Ruin_HouseBig2_NoIvy'
 1:58:44.738  ENTITY    (W): Door 'DoorsTwin1' is missing geometry components for selection 'DoorsTwin1', check model+config
 1:58:44.738  ENTITY    (W): Door 'DoorsTwin2' is missing geometry components for selection 'DoorsTwin2', check model+config
 1:58:47.823 ENTITY    (W): Unknown object class 'pond' (dz\water_sakhal\ice_lake\sakhal_50x50_ice_lake_clear.p3d)
 1:58:50.368 ENTITY    (W): Unknown object class 'pond' (nst\ns\water\lakewater_still.p3d)
 1:58:50.373 ENTITY    (W): Unknown object class 'pond' (nst\ns\water\lakewater_still.p3d)
 1:58:52.200 ENTITY    (W): Unknown object class 'pond' (dz\water_sakhal\ice_lake\sakhal_50x50_ice_lake_clear.p3d)
 1:58:52.709 ENTITY    (W): Unknown object class 'pond' (dz\water_sakhal\ice_lake\sakhal_50x50_ice_lake_clear.p3d)
 1:58:52.709 ENTITY    (W): Unknown object class 'pond' (dz\water_sakhal\ice_lake\sakhal_50x50_ice_lake_clear.p3d)
 1:59:00.56  [Login]: Adding player Survivor (152955804) to login queue at position 0
 1:59:00.57  [LoginMachine]: Add player Survivor (152955804 192.168.0.103:60479)
 1:59:00.57  [StateMachine]: Player Survivor (dpnid 152955804 uid ) Entering AuthPlayerLoginState
 1:59:00.58  [StateMachine]: Player Survivor (dpnid 152955804 uid ) Entering WaitAuthPlayerLoginState
 1:59:00.402 ENTITY    (W): Unknown object class 'pond' (dz\water_sakhal\ice_lake\sakhal_50x50_ice_lake_clear.p3d)
 1:59:00.587 [IdleMode] Leaving OUT
 1:59:02.755 Игрок Survivor соединяется.
 1:59:02.889 [StateMachine]: Player Survivor (dpnid 152955804 uid ) Entering WaitPlayerAssignedLoginState
 1:59:03.34  [StateMachine]: Player Survivor (dpnid 152955804 uid ) Entering PlayerAssignedLoginState
 1:59:03.34  [StateMachine]: Player Survivor (dpnid 152955804 uid x_MJ2w6DZznhQeYHMWeX7_S9NuAxgYSiQqpLVIMNfrA=) Entering DBGetLoginTimeLoginState
 1:59:03.38  [StateMachine]: Player Survivor (dpnid 152955804 uid x_MJ2w6DZznhQeYHMWeX7_S9NuAxgYSiQqpLVIMNfrA=) Entering DBWaitLoginTimeLoginState
 1:59:03.649 ENTITY    (W): Unknown object class 'pond' (dz\water_sakhal\ice_lake\sakhal_50x50_ice_lake_clear.p3d)
 1:59:03.649 ENTITY    (W): Unknown object class 'pond' (dz\water_sakhal\ice_lake\sakhal_50x50_ice_lake_clear.p3d)
 1:59:06.118 ENTITY    (W): Unknown object class 'pond' (dz\water_sakhal\ice_lake\sakhal_50x50_ice_lake_clear.p3d)
 1:59:13.164 ENTITY    (W): Unknown object class 'pond' (dz\water_sakhal\ice_lake\sakhal_50x50_ice_lake_clear.p3d)
 1:59:16.315 ENTITY    (W): Unknown object class 'pond' (dz\water_sakhal\ice_lake\sakhal_50x50_ice_lake_clear.p3d)
 1:59:18.37  [StateMachine]: Player Survivor (dpnid 152955804 uid x_MJ2w6DZznhQeYHMWeX7_S9NuAxgYSiQqpLVIMNfrA=) Entering DBGetCharacterLoginState
 1:59:18.39  [StateMachine]: Player Survivor (dpnid 152955804 uid x_MJ2w6DZznhQeYHMWeX7_S9NuAxgYSiQqpLVIMNfrA=) Entering CreateNetObjectsLoginState
 1:59:18.42  [StateMachine]: Player Survivor (dpnid 152955804 uid x_MJ2w6DZznhQeYHMWeX7_S9NuAxgYSiQqpLVIMNfrA=) Entering PreloadCamLoginState
 1:59:18.42  [StateMachine]: Player Survivor (dpnid 152955804 uid x_MJ2w6DZznhQeYHMWeX7_S9NuAxgYSiQqpLVIMNfrA=) Entering WaitPreloadCamLoginState
 1:59:21.482 ENTITY    (W): Unknown object class 'pond' (nst\ns\water\lakewater.p3d)
 1:59:21.937 ENTITY    (W): Unknown object class 'pond' (nst\ns\water\lakewater.p3d)
 1:59:21.937 ENTITY    (W): Unknown object class 'pond' (nst\ns\water\lakewater.p3d)
 1:59:21.937 ENTITY    (W): Unknown object class 'pond' (nst\ns\water\lakewater.p3d)
 1:59:22.804 [CE][LootRespawner] (PRIDummy) :: Item [0] causing search overtime: "StarlightOptic"
 1:59:22.904 [CE][LootRespawner] (PRIDummy) :: Item [1] causing search overtime: "dzn_netanyas_log"
 1:59:23.465 ENTITY    (W): Unknown object class 'pond' (nst\ns\water\lakewater.p3d)
 1:59:23.465 ENTITY    (W): Unknown object class 'pond' (nst\ns\water\lakewater.p3d)
 1:59:23.465 ENTITY    (W): Unknown object class 'pond' (nst\ns\water\lakewater.p3d)
 1:59:23.465 ENTITY    (W): Unknown object class 'pond' (nst\ns\water\lakewater.p3d)
 1:59:23.465 ENTITY    (W): Unknown object class 'pond' (nst\ns\water\lakewater.p3d)
 1:59:23.465 ENTITY    (W): Unknown object class 'pond' (nst\ns\water\lakewater.p3d)
 1:59:23.465 ENTITY    (W): Unknown object class 'pond' (nst\ns\water\lakewater.p3d)
 1:59:23.465 ENTITY    (W): Unknown object class 'pond' (nst\ns\water\lakewater.p3d)
 1:59:23.465 ENTITY    (W): Unknown object class 'pond' (nst\ns\water\lakewater.p3d)
 1:59:23.466 ENTITY    (W): Unknown object class 'pond' (nst\ns\water\lakewater.p3d)
 1:59:23.466 ENTITY    (W): Unknown object class 'pond' (nst\ns\water\lakewater.p3d)
 1:59:23.466 ENTITY    (W): Unknown object class 'pond' (nst\ns\water\lakewater.p3d)
 1:59:23.466 ENTITY    (W): Unknown object class 'pond' (nst\ns\water\lakewater.p3d)
 1:59:23.466 ENTITY    (W): Unknown object class 'pond' (nst\ns\water\lakewater.p3d)
 1:59:23.466 ENTITY    (W): Unknown object class 'pond' (nst\ns\water\lakewater.p3d)
 1:59:23.884 ENTITY    (W): Unknown object class 'pond' (nst\ns\water\lakewater.p3d)
 1:59:23.884 ENTITY    (W): Unknown object class 'pond' (nst\ns\water\lakewater.p3d)
 1:59:23.884 ENTITY    (W): Unknown object class 'pond' (nst\ns\water\lakewater.p3d)
 1:59:23.885 ENTITY    (W): Unknown object class 'pond' (nst\ns\water\lakewater.p3d)
 1:59:23.885 ENTITY    (W): Unknown object class 'pond' (nst\ns\water\lakewater.p3d)
 1:59:23.885 ENTITY    (W): Unknown object class 'pond' (nst\ns\water\lakewater.p3d)
 1:59:23.885 ENTITY    (W): Unknown object class 'pond' (nst\ns\water\lakewater.p3d)
 1:59:23.885 ENTITY    (W): Unknown object class 'pond' (nst\ns\water\lakewater.p3d)
 1:59:27.964 ENTITY    (W): Unknown object class 'pond' (dz\water_sakhal\ice_lake\sakhal_50x50_ice_lake_clear.p3d)
 1:59:28.264 [StateMachine]: Player Survivor (dpnid 152955804 uid x_MJ2w6DZznhQeYHMWeX7_S9NuAxgYSiQqpLVIMNfrA=) Entering GetLoadedCharLoginState
 1:59:28.303 NETWORK      : Network simulation
 1:59:28.303  WORLD        : Create entity type 'SurvivorF_Maria'
 1:59:28.303   MATERIAL  (E): Object dz/characters/bodies/player_testing.xob - cannot load material cross_red.emat
 1:59:30.982 Подключился игрок Survivor (id=x_MJ2w6DZznhQeYHMWeX7_S9NuAxgYSiQqpLVIMNfrA=).
 1:59:30.982 Player "Survivor" (steamID=76561199587900842 pos=<8527.9, 11060.1, 15.7>) is connected
 1:59:30.983 <LOAD EXISTING CHAR>:
    charID 1
    playerID 1
    dpnid 152955804
    uid x_MJ2w6DZznhQeYHMWeX7_S9NuAxgYSiQqpLVIMNfrA=
 1:59:31.197 Player Survivor (152955804) kicked from server: 240 ( (Game restart required))
 1:59:31.201 [Disconnect]: Client 152955804 early disconnect
 1:59:31.201 [Disconnect]: Start script disconnect 152955804 (dbCharacterId 1 dbPlayerId 1) logoutTime 15
 1:59:31.981 [Disconnect]: Remove player info 152955804
 1:59:31.982 [Disconnect]: Player destroy 152955804 
 1:59:42.227 [Login]: Adding player Survivor (195126297) to login queue at position 0
 1:59:42.227 [LoginMachine]: Add player Survivor (195126297 192.168.0.103:52747)
 1:59:42.227 [StateMachine]: Player Survivor (dpnid 195126297 uid ) Entering AuthPlayerLoginState
 1:59:42.228 [StateMachine]: Player Survivor (dpnid 195126297 uid ) Entering WaitAuthPlayerLoginState
 1:59:44.978 Игрок Survivor соединяется.
 1:59:44.978 [StateMachine]: Player Survivor (dpnid 195126297 uid ) Entering WaitPlayerAssignedLoginState
 1:59:45.152 [StateMachine]: Player Survivor (dpnid 195126297 uid ) Entering PlayerAssignedLoginState
 1:59:45.153 [StateMachine]: Player Survivor (dpnid 195126297 uid ) State Error (PlayerAssignedLoginState)
 1:59:45.153 Player Survivor (195126297) kicked from server: 51 (Пользователь с таким же UID уже играет. (DC))
 1:59:45.153 [StateMachine]: Kick player Survivor (dpnid 195126297 uid ) State PlayerAssignedLoginState
 1:59:45.157 [Disconnect]: Client 195126297 early disconnect
 1:59:45.157 [Disconnect]: No player -> remove player info 195126297 
 1:59:45.157 [Disconnect]: DisconnectPlayerFinish 195126297
 1:59:45.157 [Disconnect]: Remove player info 195126297
 1:59:45.157 [Disconnect]: Player destroy 195126297 
 1:59:45.158 NETWORK      : Network simulation
 1:59:45.158  NETWORK   (E): server: Player dpid=195126297 index not removed
 1:59:46.201 [Disconnect]: Finish script disconnect -1 (x_MJ2w6DZznhQeYHMWeX7_S9NuAxgYSiQqpLVIMNfrA=)
 1:59:52.513 [CE][LootRespawner] (PRIDummy) :: Item [2] causing search overtime: "StarlightOptic"
 1:59:52.612 [CE][LootRespawner] (PRIDummy) :: Item [3] causing search overtime: "dzn_netanyas_log"
 2:00:19.432 [CE][LootRespawner] (PRIDummy) :: Item [4] causing search overtime: "StarlightOptic"
 2:00:19.532 [CE][LootRespawner] (PRIDummy) :: Item [5] causing search overtime: "dzn_netanyas_log"
 2:00:21.904 [Login]: Adding player Survivor (234803016) to login queue at position 0
 2:00:21.904 [LoginMachine]: Add player Survivor (234803016 192.168.0.103:62084)
 2:00:21.904 [StateMachine]: Player Survivor (dpnid 234803016 uid ) Entering AuthPlayerLoginState
 2:00:21.906 [StateMachine]: Player Survivor (dpnid 234803016 uid ) Entering WaitAuthPlayerLoginState
 2:00:24.604 Игрок Survivor соединяется.
 2:00:24.604 [StateMachine]: Player Survivor (dpnid 234803016 uid ) Entering WaitPlayerAssignedLoginState
 2:00:24.767 [StateMachine]: Player Survivor (dpnid 234803016 uid ) Entering PlayerAssignedLoginState
 2:00:24.767 [StateMachine]: Player Survivor (dpnid 234803016 uid x_MJ2w6DZznhQeYHMWeX7_S9NuAxgYSiQqpLVIMNfrA=) Entering DBGetLoginTimeLoginState
 2:00:24.771 [StateMachine]: Player Survivor (dpnid 234803016 uid x_MJ2w6DZznhQeYHMWeX7_S9NuAxgYSiQqpLVIMNfrA=) Entering DBWaitLoginTimeLoginState
 2:00:39.771 [StateMachine]: Player Survivor (dpnid 234803016 uid x_MJ2w6DZznhQeYHMWeX7_S9NuAxgYSiQqpLVIMNfrA=) Entering DBGetCharacterLoginState
 2:00:39.773 [StateMachine]: Player Survivor (dpnid 234803016 uid x_MJ2w6DZznhQeYHMWeX7_S9NuAxgYSiQqpLVIMNfrA=) Entering CreateNetObjectsLoginState
 2:00:39.774 [StateMachine]: Player Survivor (dpnid 234803016 uid x_MJ2w6DZznhQeYHMWeX7_S9NuAxgYSiQqpLVIMNfrA=) Entering PreloadCamLoginState
 2:00:39.774 [StateMachine]: Player Survivor (dpnid 234803016 uid x_MJ2w6DZznhQeYHMWeX7_S9NuAxgYSiQqpLVIMNfrA=) Entering WaitPreloadCamLoginState
 2:00:41.477 [StateMachine]: Player Survivor (dpnid 234803016 uid x_MJ2w6DZznhQeYHMWeX7_S9NuAxgYSiQqpLVIMNfrA=) Entering GetLoadedCharLoginState
 2:00:41.490 Подключился игрок Survivor (id=x_MJ2w6DZznhQeYHMWeX7_S9NuAxgYSiQqpLVIMNfrA=).
 2:00:41.490 Player "Survivor" (steamID=76561199587900842 pos=<8527.7, 11060.2, 15.9>) is connected
 2:00:41.490 <LOAD EXISTING CHAR>:
    charID 1
    playerID 1
    dpnid 234803016
    uid x_MJ2w6DZznhQeYHMWeX7_S9NuAxgYSiQqpLVIMNfrA=
 2:00:46.332 [CE][LootRespawner] (PRIDummy) :: Item [6] causing search overtime: "StarlightOptic"
 2:00:46.432 [CE][LootRespawner] (PRIDummy) :: Item [7] causing search overtime: "dzn_netanyas_log"
 2:00:57.607 [IdleMode] Entering IN - save processed
 2:00:58.932 [IdleMode] Leaving OUT
 2:01:01.07  Player Survivor (234803016) kicked from server: 240 ( (Game restart required))
 2:01:01.13  [Disconnect]: Client 234803016 early disconnect
 2:01:01.13  [Disconnect]: Start script disconnect 234803016 (dbCharacterId 1 dbPlayerId 1) logoutTime 15
 2:01:02.04  [Disconnect]: Remove player info 234803016
 2:01:02.06  [Disconnect]: Player destroy 234803016 
 2:01:04.432 WORLD        : Create entity type 'Animal_LepusEuropaeus'
 2:01:04.432  ENTITY    (E): Type 'ManType' must be inherited from class 'DayZAnimalType'
 2:01:16.13  [Disconnect]: Finish script disconnect -1 (x_MJ2w6DZznhQeYHMWeX7_S9NuAxgYSiQqpLVIMNfrA=)
 2:01:20.932 [CE][LootRespawner] (PRIDummy) :: Item [8] causing search overtime: "StarlightOptic"
 2:01:21.32  [CE][LootRespawner] (PRIDummy) :: Item [9] causing search overtime: "dzn_netanyas_log"
 2:01:25.73  RESOURCES (E): ==== Resource leaks ====
 2:01:25.73  RESOURCES (E): dz/anims/workspaces/player/player_main/player_main.asi   2
 2:01:25.793  --- Termination successfully completed --- 
