=====================================================================
== G:\SteamLibrary\steamapps\common\DayZServer\DayZServer_x64.exe
== DayZServer_x64.exe -noBattlEye -config=serverDZ.cfg -port=2302 "-profiles=G:\SteamLibrary\steamapps\common\DayZServer\ServerProfiles" -nosplash -noPause "-mod=@CF;@Dabs Framework;@Namalsk Island;@Namalsk Survival;@VPPAdminTools;@VPPAdminTools Ru Translate"
=====================================================================
Exe timestamp: 2026/08/15 12:57:52
Current time:  2026/08/17 01:10:58
Version 1.29.163709
=====================================================================

 1:10:58.274 ENGINE    (W): No module info used, trying to identify -> 0x2EFD0000
 1:10:58.275 ENGINE    (W): Adjusting job system settings to have at least one job worker thread.
 1:10:58.443 [Inputs] Loading inputs default "bin/constants.xml"
 1:10:58.445 [Inputs] Loading inputs default "bin/specific.xml"
 1:10:58.447 [Inputs] Loading inputs default "nst/ns_dayz/scripts/Data/Inputs.xml"
 1:10:58.447 [Inputs] Loading inputs default "VPPAdminTools/data/modded_Inputs.xml"
 1:10:58.447 [Inputs] Loading inputs cfg "G:\SteamLibrary\steamapps\common\DayZServer\ServerProfiles\Users\Survivor\Server.core.xml"
 1:10:58.453 [Inputs] Exporting inputs cfg "G:\SteamLibrary\steamapps\common\DayZServer\ServerProfiles\Users\Survivor\Server.core.xml"
 1:11:01.00  ANIMATION (E): Can't load @VPPAdminTools Ru Translate/Anims/cfg/skeletons.anim.xml
 1:11:01.00  ANIMATION (E): Failed to open file, line 0, column 0
 1:11:01.00  ANIMATION (E): Can't load @VPPAdminTools/Anims/cfg/skeletons.anim.xml
 1:11:01.00  ANIMATION (E): Failed to open file, line 0, column 0
 1:11:01.00  ANIMATION (E): Can't load @Namalsk Survival/Anims/cfg/skeletons.anim.xml
 1:11:01.00  ANIMATION (E): Failed to open file, line 0, column 0
 1:11:01.00  ANIMATION (E): Can't load @Namalsk Island/Anims/cfg/skeletons.anim.xml
 1:11:01.00  ANIMATION (E): Failed to open file, line 0, column 0
 1:11:01.00  ANIMATION (E): Can't load @Dabs Framework/Anims/cfg/skeletons.anim.xml
 1:11:01.00  ANIMATION (E): Failed to open file, line 0, column 0
 1:11:01.00  ANIMATION (E): Can't load @CF/Anims/cfg/skeletons.anim.xml
 1:11:01.00  ANIMATION (E): Failed to open file, line 0, column 0
 1:11:01.00  ANIMATION (E): Can't load sakhal/Anims/cfg/skeletons.anim.xml
 1:11:01.00  ANIMATION (E): Failed to open file, line 0, column 0
 1:11:08.337 Hostname of server: "SVOBODA DayZ"
 1:11:09.89  NETWORK      : Network simulation
 1:11:09.89   Loading landscape 'namalsk'
 1:11:09.89    WORLD        : Create entity type 'Land_pas_amps_solo'
 1:11:09.89     ENTITY    (E): Type 'HouseType' must be inherited from class 'PASReceiverType'
 1:11:09.190   ENTITY       : Load entity type 'land_seb_garage'
 1:11:09.190    ENTITY    (W): Door 'doorstwin1' is missing geometry components for selection 'doorstwin1', check model+config
 1:11:09.196   ENTITY       : Load entity type 'Land_Container_1Aoh'
 1:11:09.196    ENTITY    (W): Door 'DoorsTwin1' is missing geometry components for selection 'DoorsTwin1', check model+config
 1:11:09.198   WORLD        : Create entity type 'Land_radio_panelpas'
 1:11:09.198    ENTITY    (E): Type 'HouseType' must be inherited from class 'PASBroadcasterType'
 1:11:09.213   ENTITY       : Load entity type 'Land_Factory_Small'
 1:11:09.213    ENTITY    (W): Door 'DoorsTwin1' is missing geometry components for selection 'DoorsTwin1', check model+config
 1:11:09.213    ENTITY    (W): Door 'DoorsTwin2' is missing geometry components for selection 'DoorsTwin2', check model+config
 1:11:09.236   ENTITY       : Load entity type 'Land_Container_1Bo'
 1:11:09.236    ENTITY    (W): Door 'DoorsTwin1' is missing geometry components for selection 'DoorsTwin1', check model+config
 1:11:09.236    ENTITY    (W): Door 'DoorsTwin2' is missing geometry components for selection 'DoorsTwin2', check model+config
 1:11:09.236   ENTITY       : Load entity type 'land_budova2_winter'
 1:11:09.236    ENTITY    (W): Door 'DoorsTwin1' is missing geometry components for selection 'DoorsTwin1', check model+config
 1:11:09.264   ENTITY       : Load entity type 'Land_Container_1Mo'
 1:11:09.264    ENTITY    (W): Door 'DoorsTwin1' is missing geometry components for selection 'DoorsTwin1', check model+config
 1:11:09.264    ENTITY    (W): Door 'DoorsTwin2' is missing geometry components for selection 'DoorsTwin2', check model+config
 1:11:09.267   ENTITY       : Load entity type 'land_budova1_winter'
 1:11:09.267    ENTITY    (W): Door 'DoorsTwin1' is missing geometry components for selection 'DoorsTwin1', check model+config
 1:11:09.286   WORLD        : Create entity type 'Land_radio_panelbig'
 1:11:09.286    ENTITY    (E): Type 'HouseType' must be inherited from class 'StaticTransmitterType'
 1:11:09.316   ENTITY       : Load entity type 'land_vys_budova_p1'
 1:11:09.316    ENTITY    (W): Unknown object class 'thing' (dz\structures\furniture\eletrical_appliances\washing_machine\washing_machine.p3d)
 1:11:09.316    ENTITY    (W): Unknown object class 'thing' (dz\structures\furniture\eletrical_appliances\washing_machine\washing_machine.p3d)
 1:11:09.317    ENTITY    (W): Unknown object class 'thing' (dz\structures\furniture\eletrical_appliances\washing_machine\washing_machine.p3d)
 1:11:09.333   ENTITY       : Load entity type 'Land_Mil_Barracks3'
 1:11:09.333    ENTITY    (W): Door 'DoorsTwin1' is missing geometry components for selection 'DoorsTwin1', check model+config
 1:11:09.334   ENTITY       : Load entity type 'land_budova3'
 1:11:09.334    ENTITY    (W): Door 'doorstwin1' is missing geometry components for selection 'doorstwin1', check model+config
 1:11:09.340   ENTITY       : Load entity type 'Land_Mil_Barracks1'
 1:11:09.340    ENTITY    (W): Door 'DoorsTwin1' is missing geometry components for selection 'DoorsTwin1', check model+config
 1:11:09.423   ENTITY       : Load entity type 'Land_Garage_Small'
 1:11:09.423    ENTITY    (W): Door 'DoorsTwin1' is missing geometry components for selection 'DoorsTwin1', check model+config
 1:11:09.438   ENTITY       : Load entity type 'Land_Mil_Barracks5'
 1:11:09.438    ENTITY    (W): Door 'DoorsTwin1' is missing geometry components for selection 'DoorsTwin1', check model+config
 1:11:09.545   ENTITY       : Load entity type 'Land_Workshop2'
 1:11:09.545    ENTITY    (W): Door 'DoorsTwin1' is missing geometry components for selection 'DoorsTwin1', check model+config
 1:11:09.570   ENTITY       : Load entity type 'Land_Wreck_S1023_Beige'
 1:11:09.570    ENTITY    (W): Door 'DoorsTwin1' is missing geometry components for selection 'DoorsTwin1', check model+config
 1:11:09.617   ENTITY       : Load entity type 'Land_Wreck_S1023_Blue'
 1:11:09.617    ENTITY    (W): Door 'DoorsTwin1' is missing geometry components for selection 'DoorsTwin1', check model+config
 1:11:09.617   ENTITY    (W): Unknown object class 'pond' (nst\ns\water\lakewater_still.p3d)
 1:11:09.696   ENTITY       : Load entity type 'Land_CementWorks_Hall2_Brick'
 1:11:09.696    ENTITY    (W): Door 'DoorsTwin1' is missing geometry components for selection 'DoorsTwin1', check model+config
 1:11:09.710   ENTITY       : Load entity type 'Land_Workshop3'
 1:11:09.710    ENTITY    (W): Door 'DoorsTwin1' is missing geometry components for selection 'DoorsTwin1', check model+config
 1:11:09.710    ENTITY    (W): Door 'DoorsTwin2' is missing geometry components for selection 'DoorsTwin2', check model+config
 1:11:09.728   ENTITY       : Load entity type 'Land_Workshop4'
 1:11:09.728    ENTITY    (W): Door 'DoorsTwin1' is missing geometry components for selection 'DoorsTwin1', check model+config
 1:11:09.759   ENTITY       : Load entity type 'Land_Workshop1'
 1:11:09.759    ENTITY    (W): Door 'DoorsTwin1' is missing geometry components for selection 'DoorsTwin1', check model+config
 1:11:09.795   ENTITY       : Load entity type 'Land_Airfield_Small_Control'
 1:11:09.795    ENTITY    (W): Unknown object class 'thing' (dz\structures\furniture\eletrical_appliances\washing_machine\washing_machine.p3d)
 1:11:09.796    ENTITY    (W): Unknown object class 'thing' (dz\structures\furniture\eletrical_appliances\washing_machine\washing_machine.p3d)
 1:11:09.797    ENTITY    (W): Unknown object class 'thing' (dz\structures\furniture\eletrical_appliances\washing_machine\washing_machine.p3d)
 1:11:09.797    ENTITY    (W): Unknown object class 'thing' (dz\structures\furniture\eletrical_appliances\washing_machine\washing_machine.p3d)
 1:11:09.808   ENTITY    (W): Unknown object class 'pond' (dz\water_sakhal\ice_lake\sakhal_50x50_ice_lake_clear.p3d)
 1:11:09.856   ENTITY       : Load entity type 'Land_Office2'
 1:11:09.856    ENTITY    (W): Door 'DoorsTwin1' is missing geometry components for selection 'DoorsTwin1', check model+config
 1:11:09.856    ENTITY    (W): Door 'DoorsTwin2' is missing geometry components for selection 'DoorsTwin2', check model+config
 1:11:09.856    ENTITY    (W): Door 'DoorsTwin3' is missing geometry components for selection 'DoorsTwin3', check model+config
 1:11:09.856    ENTITY    (W): Door 'DoorsTwin4' is missing geometry components for selection 'DoorsTwin4', check model+config
 1:11:09.856    ENTITY    (W): Door 'DoorsTwin5' is missing geometry components for selection 'DoorsTwin5', check model+config
 1:11:09.878   ENTITY       : Load entity type 'Land_City_Hospital'
 1:11:09.878    ENTITY    (W): Door 'DoorsTwin1' is missing geometry components for selection 'DoorsTwin1', check model+config
 1:11:09.926   ENTITY       : Load entity type 'Land_Office1'
 1:11:09.926    ENTITY    (W): Door 'DoorsTwin1' is missing geometry components for selection 'DoorsTwin1', check model+config
 1:11:09.927    ENTITY    (W): Door 'DoorsTwin2' is missing geometry components for selection 'DoorsTwin2', check model+config
 1:11:09.927    ENTITY    (W): Door 'DoorsTwin3' is missing geometry components for selection 'DoorsTwin3', check model+config
 1:11:09.927    ENTITY    (W): Door 'DoorsTwin4' is missing geometry components for selection 'DoorsTwin4', check model+config
 1:11:09.927    ENTITY    (W): Door 'DoorsTwin5' is missing geometry components for selection 'DoorsTwin5', check model+config
 1:11:09.927    ENTITY    (W): Door 'DoorsTwin6' is missing geometry components for selection 'DoorsTwin6', check model+config
 1:11:09.927    ENTITY    (W): Door 'DoorsTwin7' is missing geometry components for selection 'DoorsTwin7', check model+config
 1:11:09.952   ENTITY       : Load entity type 'Land_Container_1Moh'
 1:11:09.952    ENTITY    (W): Door 'DoorsTwin1' is missing geometry components for selection 'DoorsTwin1', check model+config
 1:11:09.982   ENTITY    (W): Unknown object class 'pond' (nst\ns\water\lakewater.p3d)
 1:11:10.43    ENTITY       : Load entity type 'Land_Garage_Row_Small'
 1:11:10.43     ENTITY    (W): Door 'DoorsTwin1' is missing geometry components for selection 'DoorsTwin1', check model+config
 1:11:10.43     ENTITY    (W): Door 'DoorsTwin2' is missing geometry components for selection 'DoorsTwin2', check model+config
 1:11:10.43     ENTITY    (W): Door 'DoorsTwin3' is missing geometry components for selection 'DoorsTwin3', check model+config
 1:11:10.173   ENTITY       : Load entity type 'Land_City_Store_WithStairs'
 1:11:10.173    ENTITY    (W): Door 'DoorsTwin1' is missing geometry components for selection 'DoorsTwin1', check model+config
 1:11:10.173    ENTITY    (W): Door 'DoorsTwin2' is missing geometry components for selection 'DoorsTwin2', check model+config
 1:11:10.173    ENTITY    (W): Door 'DoorsTwin3' is missing geometry components for selection 'DoorsTwin3', check model+config
 1:11:10.173    ENTITY    (W): Door 'DoorsTwin4' is missing geometry components for selection 'DoorsTwin4', check model+config
 1:11:10.173    ENTITY    (W): Door 'DoorsTwin5' is missing geometry components for selection 'DoorsTwin5', check model+config
 1:11:10.177   ENTITY       : Load entity type 'land_vor_apartment_high_2'
 1:11:10.177    ENTITY    (W): Door 'doorstwin1' is missing geometry components for selection 'doorstwin1', check model+config
 1:11:10.193   ENTITY       : Load entity type 'Land_Tenement_Small'
 1:11:10.193    ENTITY    (W): Unknown object class 'thing' (dz\structures\furniture\eletrical_appliances\washing_machine\washing_machine.p3d)
 1:11:10.193    ENTITY    (W): Unknown object class 'thing' (dz\structures\furniture\eletrical_appliances\washing_machine\washing_machine.p3d)
 1:11:10.193    ENTITY    (W): Unknown object class 'thing' (dz\structures\furniture\eletrical_appliances\washing_machine\washing_machine.p3d)
 1:11:10.193    ENTITY    (W): Unknown object class 'thing' (dz\structures\furniture\eletrical_appliances\washing_machine\washing_machine.p3d)
 1:11:10.193    ENTITY    (W): Unknown object class 'thing' (dz\structures\furniture\eletrical_appliances\washing_machine\washing_machine.p3d)
 1:11:10.193    ENTITY    (W): Unknown object class 'thing' (dz\structures\furniture\eletrical_appliances\washing_machine\washing_machine.p3d)
 1:11:10.193    ENTITY    (W): Unknown object class 'thing' (dz\structures\furniture\eletrical_appliances\washing_machine\washing_machine.p3d)
 1:11:10.271   ENTITY       : Load entity type 'Land_House_2W04'
 1:11:10.271    ENTITY    (W): Door 'DoorsTwin1' is missing geometry components for selection 'DoorsTwin1', check model+config
 1:11:10.282   ENTITY       : Load entity type 'Land_House_1W08_Brown'
 1:11:10.282    ENTITY    (W): Unknown object class 'thing' (dz\structures\furniture\eletrical_appliances\washing_machine\washing_machine.p3d)
 1:11:10.283    ENTITY    (W): Unknown object class 'thing' (dz\structures\furniture\eletrical_appliances\washing_machine\washing_machine.p3d)
 1:11:10.283    ENTITY    (W): Unknown object class 'thing' (dz\structures\furniture\eletrical_appliances\washing_machine\washing_machine.p3d)
 1:11:10.347   ENTITY    (W): Unknown object class 'pond' (dz\water_sakhal\ice_lake\sakhal_50x50_ice_lake_clear.p3d)
 1:11:10.395   ENTITY       : Load entity type 'Land_Tenement_Big'
 1:11:10.395    ENTITY    (W): Unknown object class 'thing' (dz\structures\furniture\eletrical_appliances\washing_machine\washing_machine.p3d)
 1:11:10.395    ENTITY    (W): Unknown object class 'thing' (dz\structures\furniture\eletrical_appliances\washing_machine\washing_machine.p3d)
 1:11:10.395    ENTITY    (W): Unknown object class 'thing' (dz\structures\furniture\eletrical_appliances\washing_machine\washing_machine.p3d)
 1:11:10.396    ENTITY    (W): Unknown object class 'thing' (dz\structures\furniture\eletrical_appliances\washing_machine\washing_machine.p3d)
 1:11:10.397    ENTITY    (W): Unknown object class 'thing' (dz\structures\furniture\eletrical_appliances\washing_machine\washing_machine.p3d)
 1:11:10.397    ENTITY    (W): Unknown object class 'thing' (dz\structures\furniture\eletrical_appliances\washing_machine\washing_machine.p3d)
 1:11:10.397    ENTITY    (W): Unknown object class 'thing' (dz\structures\furniture\eletrical_appliances\washing_machine\washing_machine.p3d)
 1:11:10.397    ENTITY    (W): Unknown object class 'thing' (dz\structures\furniture\eletrical_appliances\washing_machine\washing_machine.p3d)
 1:11:10.397    ENTITY    (W): Unknown object class 'thing' (dz\structures\furniture\eletrical_appliances\washing_machine\washing_machine.p3d)
 1:11:13.294  SCRIPT    (W): scripts/3_Game/undergroundarealoader.c:138 | SpawnAllTriggerCarriers | [WARNING] :: [UndergroundAreaLoader GetData()] :: file not found in MISSION folder, your path is $mission:cfgundergroundtriggers.json Attempting DATA folder
 1:11:13.294  SCRIPT    (W): scripts/3_Game/undergroundarealoader.c:138 | SpawnAllTriggerCarriers | [WARNING] :: [UndergroundAreaLoader GetData()] ::file not found in DATA folder, your path is dz/worlds/namalsk/ce/cfgundergroundtriggers.json
 1:11:13.357 [CE][Hive] :: Initializing OFFLINE
 1:11:13.357 [StorageDirs] :: Selected storage directory: G:\SteamLibrary\steamapps\common\DayZServer\mpmissions\regular.namalsk\storage_4\
 1:11:13.357 [CE][Hive] :: Loading core data ... 
 1:11:13.358 [CE][CoreData] :: 8 root classes, 0 defaults, 0 updaters...
 1:11:13.368 [CE][offlineDB] :: Conversion of characters started.
 1:11:13.373 [CE][offlineDB] :: Processing 0 players.
 1:11:13.373 [CE][offlineDB] :: Conversion of characters successfully completed.
 1:11:13.482  ENTITY       : Load entity type 'Land_House_2W02'
 1:11:13.482   ENTITY    (W): Door 'DoorsTwin1' is missing geometry components for selection 'DoorsTwin1', check model+config
 1:11:13.509  ENTITY    (W): Unknown object class 'pond' (dz\water_sakhal\ice_lake\sakhal_50x50_ice_lake_clear.p3d)
 1:11:13.533 [CE][Hive] :: Loading map data ... 
 1:11:20.226 [CE][TypeSetup] :: 601 classes setuped...
 1:11:23.209 [CE][RegisterBind] :: 0 classes binded...
 1:11:23.209 [CE][RegisterConfig] :: 11950 config classes registered, 0 sub-counters...
 1:11:23.209 [CE][Hive] :: Loading map data ... 
 1:11:23.281 [CE][LoadPrototype] :: loaded 256 prototypes
 1:11:23.281   404 containers, 7415 points
 1:11:23.281   1 dispatches, 1 proxies
 1:11:23.281 !!! [CE][LoadPrototype] 1 groups have wrong points...
 1:11:23.281 [CE][LoadPrototype] :: last group name: land_frozen_person...
 1:11:23.284 [CE][LoadPrototype] :: loaded 0 prototypes
 1:11:23.284   38 containers, 66 points
 1:11:23.284   0 dispatches, 0 proxies
 1:11:23.284 [CE][LoadPrototype] :: last group name: StoneLoc38...
 1:11:23.324 [CE][LoadMap] "Group" :: loaded 1445 groups, groups failed: 0, largest group range: 36.4
 1:11:23.325 [CE][LoadMap] "Dirt" :: loaded 0 groups, groups failed: 0, largest group range: 36.4
 1:11:23.331 [CE][Links] found 472 total links between groups, of 1445
 1:11:23.331 [CE][LoadClusters] "Cluster" :: Loading files...
 1:11:23.344 [CE][LoadClusters] :: file: "mapgroupcluster.xml", 1 types, 2418 instances
 1:11:23.346 [CE][Storage] ver:0 stamp:0, valid:NO, name:"G:\SteamLibrary\steamapps\common\DayZServer\mpmissions\regular.namalsk\storage_4\data\types.bin"
 1:11:23.347 [CE][Storage] ver:0 stamp:0, valid:NO, name:"G:\SteamLibrary\steamapps\common\DayZServer\mpmissions\regular.namalsk\storage_4\data\types.001"
 1:11:23.347 [CE][Storage] ver:0 stamp:0, valid:NO, name:"G:\SteamLibrary\steamapps\common\DayZServer\mpmissions\regular.namalsk\storage_4\data\types.002"
 1:11:23.350 [CE][offlineDB] :: Loaded 23 dynamic events 177 total types.
 1:11:23.374 !!! [CE][offlineDB] :: Type 'ChristmasTree' will be ignored. (Not spawnable. (Scope is not public?))
 1:11:23.384 [CE][DE][SPAWNS] :: Total positions: 711
 1:11:23.384 [CE][DE][GROUPS] :: Total eventgroups defined: 0, Eventgroups in use: 0
 1:11:23.384 [CE][Storage] ver:0 stamp:0, valid:NO, name:"G:\SteamLibrary\steamapps\common\DayZServer\mpmissions\regular.namalsk\storage_4\data\events.bin"
 1:11:23.385 [CE][Storage] ver:0 stamp:0, valid:NO, name:"G:\SteamLibrary\steamapps\common\DayZServer\mpmissions\regular.namalsk\storage_4\data\events.001"
 1:11:23.385 [CE][Storage] ver:0 stamp:0, valid:NO, name:"G:\SteamLibrary\steamapps\common\DayZServer\mpmissions\regular.namalsk\storage_4\data\events.002"
 1:11:23.386 [CE][Storage] ver:0 stamp:0, valid:NO, name:"G:\SteamLibrary\steamapps\common\DayZServer\mpmissions\regular.namalsk\storage_4\data\dynamic_000.bin"
 1:11:23.386 [CE][Storage] ver:0 stamp:0, valid:NO, name:"G:\SteamLibrary\steamapps\common\DayZServer\mpmissions\regular.namalsk\storage_4\data\dynamic_000.001"
 1:11:23.387 [CE][Storage] ver:0 stamp:0, valid:NO, name:"G:\SteamLibrary\steamapps\common\DayZServer\mpmissions\regular.namalsk\storage_4\data\dynamic_000.002"
 1:11:23.387 [CE][Storage] ver:0 stamp:0, valid:NO, name:"G:\SteamLibrary\steamapps\common\DayZServer\mpmissions\regular.namalsk\storage_4\data\dynamic_001.bin"
 1:11:23.387 [CE][Storage] ver:0 stamp:0, valid:NO, name:"G:\SteamLibrary\steamapps\common\DayZServer\mpmissions\regular.namalsk\storage_4\data\dynamic_001.001"
 1:11:23.387 [CE][Storage] ver:0 stamp:0, valid:NO, name:"G:\SteamLibrary\steamapps\common\DayZServer\mpmissions\regular.namalsk\storage_4\data\dynamic_001.002"
 1:11:23.388 [CE][Storage] ver:0 stamp:0, valid:NO, name:"G:\SteamLibrary\steamapps\common\DayZServer\mpmissions\regular.namalsk\storage_4\data\dynamic_002.bin"
 1:11:23.388 [CE][Storage] ver:0 stamp:0, valid:NO, name:"G:\SteamLibrary\steamapps\common\DayZServer\mpmissions\regular.namalsk\storage_4\data\dynamic_002.001"
 1:11:23.388 [CE][Storage] ver:0 stamp:0, valid:NO, name:"G:\SteamLibrary\steamapps\common\DayZServer\mpmissions\regular.namalsk\storage_4\data\dynamic_002.002"
 1:11:23.389 [CE][Storage] ver:0 stamp:0, valid:NO, name:"G:\SteamLibrary\steamapps\common\DayZServer\mpmissions\regular.namalsk\storage_4\data\dynamic_003.bin"
 1:11:23.389 [CE][Storage] ver:0 stamp:0, valid:NO, name:"G:\SteamLibrary\steamapps\common\DayZServer\mpmissions\regular.namalsk\storage_4\data\dynamic_003.001"
 1:11:23.389 [CE][Storage] ver:0 stamp:0, valid:NO, name:"G:\SteamLibrary\steamapps\common\DayZServer\mpmissions\regular.namalsk\storage_4\data\dynamic_003.002"
 1:11:23.390 [CE][Storage] ver:0 stamp:0, valid:NO, name:"G:\SteamLibrary\steamapps\common\DayZServer\mpmissions\regular.namalsk\storage_4\data\dynamic_004.bin"
 1:11:23.390 [CE][Storage] ver:0 stamp:0, valid:NO, name:"G:\SteamLibrary\steamapps\common\DayZServer\mpmissions\regular.namalsk\storage_4\data\dynamic_004.001"
 1:11:23.390 [CE][Storage] ver:0 stamp:0, valid:NO, name:"G:\SteamLibrary\steamapps\common\DayZServer\mpmissions\regular.namalsk\storage_4\data\dynamic_004.002"
 1:11:23.391 [CE][Storage] ver:0 stamp:0, valid:NO, name:"G:\SteamLibrary\steamapps\common\DayZServer\mpmissions\regular.namalsk\storage_4\data\dynamic_005.bin"
 1:11:23.391 [CE][Storage] ver:0 stamp:0, valid:NO, name:"G:\SteamLibrary\steamapps\common\DayZServer\mpmissions\regular.namalsk\storage_4\data\dynamic_005.001"
 1:11:23.392 [CE][Storage] ver:0 stamp:0, valid:NO, name:"G:\SteamLibrary\steamapps\common\DayZServer\mpmissions\regular.namalsk\storage_4\data\dynamic_005.002"
 1:11:23.392 [CE][Storage] ver:0 stamp:0, valid:NO, name:"G:\SteamLibrary\steamapps\common\DayZServer\mpmissions\regular.namalsk\storage_4\data\dynamic_006.bin"
 1:11:23.392 [CE][Storage] ver:0 stamp:0, valid:NO, name:"G:\SteamLibrary\steamapps\common\DayZServer\mpmissions\regular.namalsk\storage_4\data\dynamic_006.001"
 1:11:23.393 [CE][Storage] ver:0 stamp:0, valid:NO, name:"G:\SteamLibrary\steamapps\common\DayZServer\mpmissions\regular.namalsk\storage_4\data\dynamic_006.002"
 1:11:23.393 [CE][Storage] ver:0 stamp:0, valid:NO, name:"G:\SteamLibrary\steamapps\common\DayZServer\mpmissions\regular.namalsk\storage_4\data\dynamic_007.bin"
 1:11:23.393 [CE][Storage] ver:0 stamp:0, valid:NO, name:"G:\SteamLibrary\steamapps\common\DayZServer\mpmissions\regular.namalsk\storage_4\data\dynamic_007.001"
 1:11:23.393 [CE][Storage] ver:0 stamp:0, valid:NO, name:"G:\SteamLibrary\steamapps\common\DayZServer\mpmissions\regular.namalsk\storage_4\data\dynamic_007.002"
 1:11:23.393 [CE][Storage] ver:0 stamp:0, valid:NO, name:"G:\SteamLibrary\steamapps\common\DayZServer\mpmissions\regular.namalsk\storage_4\data\dynamic_008.bin"
 1:11:23.393 [CE][Storage] ver:0 stamp:0, valid:NO, name:"G:\SteamLibrary\steamapps\common\DayZServer\mpmissions\regular.namalsk\storage_4\data\dynamic_008.001"
 1:11:23.393 [CE][Storage] ver:0 stamp:0, valid:NO, name:"G:\SteamLibrary\steamapps\common\DayZServer\mpmissions\regular.namalsk\storage_4\data\dynamic_008.002"
 1:11:23.394 [CE][Storage] ver:0 stamp:0, valid:NO, name:"G:\SteamLibrary\steamapps\common\DayZServer\mpmissions\regular.namalsk\storage_4\data\dynamic_009.bin"
 1:11:23.395 [CE][Storage] ver:0 stamp:0, valid:NO, name:"G:\SteamLibrary\steamapps\common\DayZServer\mpmissions\regular.namalsk\storage_4\data\dynamic_009.001"
 1:11:23.395 [CE][Storage] ver:0 stamp:0, valid:NO, name:"G:\SteamLibrary\steamapps\common\DayZServer\mpmissions\regular.namalsk\storage_4\data\dynamic_009.002"
 1:11:23.396 [CE][Storage] ver:0 stamp:0, valid:NO, name:"G:\SteamLibrary\steamapps\common\DayZServer\mpmissions\regular.namalsk\storage_4\data\dynamic_010.bin"
 1:11:23.397 [CE][Storage] ver:0 stamp:0, valid:NO, name:"G:\SteamLibrary\steamapps\common\DayZServer\mpmissions\regular.namalsk\storage_4\data\dynamic_010.001"
 1:11:23.397 [CE][Storage] ver:0 stamp:0, valid:NO, name:"G:\SteamLibrary\steamapps\common\DayZServer\mpmissions\regular.namalsk\storage_4\data\dynamic_010.002"
 1:11:23.397 [CE][Storage] ver:0 stamp:0, valid:NO, name:"G:\SteamLibrary\steamapps\common\DayZServer\mpmissions\regular.namalsk\storage_4\data\dynamic_011.bin"
 1:11:23.397 [CE][Storage] ver:0 stamp:0, valid:NO, name:"G:\SteamLibrary\steamapps\common\DayZServer\mpmissions\regular.namalsk\storage_4\data\dynamic_011.001"
 1:11:23.397 [CE][Storage] ver:0 stamp:0, valid:NO, name:"G:\SteamLibrary\steamapps\common\DayZServer\mpmissions\regular.namalsk\storage_4\data\dynamic_011.002"
 1:11:23.397 [CE][Storage] ver:0 stamp:0, valid:NO, name:"G:\SteamLibrary\steamapps\common\DayZServer\mpmissions\regular.namalsk\storage_4\data\building.bin"
 1:11:23.398 [CE][Storage] ver:0 stamp:0, valid:NO, name:"G:\SteamLibrary\steamapps\common\DayZServer\mpmissions\regular.namalsk\storage_4\data\building.001"
 1:11:23.398 [CE][Storage] ver:0 stamp:0, valid:NO, name:"G:\SteamLibrary\steamapps\common\DayZServer\mpmissions\regular.namalsk\storage_4\data\building.002"
 1:11:23.398 [CE][Storage] ver:0 stamp:0, valid:NO, name:"G:\SteamLibrary\steamapps\common\DayZServer\mpmissions\regular.namalsk\storage_4\data\vehicles.bin"
 1:11:23.399 [CE][Storage] ver:0 stamp:0, valid:NO, name:"G:\SteamLibrary\steamapps\common\DayZServer\mpmissions\regular.namalsk\storage_4\data\vehicles.001"
 1:11:23.399 [CE][Storage] ver:0 stamp:0, valid:NO, name:"G:\SteamLibrary\steamapps\common\DayZServer\mpmissions\regular.namalsk\storage_4\data\vehicles.002"
 1:11:23.400 [CE][Hive] :: Empty storage folder, reinitializing ... 
 1:11:23.401 [CE][Hive] :: Initializing ... 
 1:11:23.403 [CE][InitializeMap] :: initialized: 0
 1:11:23.404 [CE][Hive] :: Initializing spawners ... 
 1:11:23.623  ENTITY       : Load entity type 'Land_Garage_Row_Big'
 1:11:23.623   ENTITY    (W): Door 'DoorsTwin1' is missing geometry components for selection 'DoorsTwin1', check model+config
 1:11:23.623   ENTITY    (W): Door 'DoorsTwin2' is missing geometry components for selection 'DoorsTwin2', check model+config
 1:11:23.623   ENTITY    (W): Door 'DoorsTwin3' is missing geometry components for selection 'DoorsTwin3', check model+config
 1:11:23.623   ENTITY    (W): Door 'DoorsTwin4' is missing geometry components for selection 'DoorsTwin4', check model+config
 1:11:23.661  ENTITY    (W): Unknown object class 'pond' (dz\water_sakhal\ice_lake\sakhal_50x50_ice_lake_clear.p3d)
 1:11:23.707  ENTITY    (W): Unknown object class 'pond' (nst\ns\water\lakewater.p3d)
 1:11:23.718 [CE][LootRespawner] (PRIDummy) :: Item [0] causing search overtime: "TetracyclineAntibiotics"
 1:11:23.814  ENTITY    (W): Unknown object class 'pond' (dz\water_sakhal\ice_lake\sakhal_50x50_ice_lake_clear.p3d)
 1:11:23.820  ENTITY    (W): Unknown object class 'pond' (dz\water_sakhal\ice_lake\sakhal_50x50_ice_lake_clear.p3d)
 1:11:23.891  ENTITY    (W): Unknown object class 'pond' (dz\water_sakhal\ice_lake\sakhal_50x50_ice_lake_clear.p3d)
 1:11:23.914  ENTITY    (W): Unknown object class 'pond' (dz\water_sakhal\ice_lake\sakhal_50x50_ice_lake_clear.p3d)
 1:11:24.03   ENTITY    (W): Unknown object class 'pond' (dz\water_sakhal\ice_lake\sakhal_50x50_ice_lake_clear.p3d)
 1:11:24.60   ENTITY       : Load entity type 'Land_Ruin_HouseBig3_NoIvy'
 1:11:24.60    ENTITY    (W): Door 'DoorsTwin1' is missing geometry components for selection 'DoorsTwin1', check model+config
 1:11:24.83   ENTITY    (W): Unknown object class 'pond' (nst\ns\water\lakewater.p3d)
 1:11:24.84   ENTITY    (W): Unknown object class 'pond' (nst\ns\water\lakewater.p3d)
 1:11:24.137  ENTITY    (W): Unknown object class 'pond' (nst\ns\water\lakewater.p3d)
 1:11:24.202  ENTITY       : Load entity type 'Land_Ruin_HouseBig3_NoIvy_Half'
 1:11:24.202   ENTITY    (W): Door 'DoorsTwin1' is missing geometry components for selection 'DoorsTwin1', check model+config
 1:11:24.212 [CE][LootRespawner] (PRIDummy) :: Item [0] is hard to place, performance drops: "ParamedicPants_Blue"
 1:11:24.271  ENTITY    (W): Unknown object class 'pond' (nst\ns\water\lakewater.p3d)
 1:11:24.271  ENTITY    (W): Unknown object class 'pond' (nst\ns\water\lakewater.p3d)
 1:11:24.271  ENTITY    (W): Unknown object class 'pond' (nst\ns\water\lakewater.p3d)
 1:11:24.271  ENTITY    (W): Unknown object class 'pond' (nst\ns\water\lakewater.p3d)
 1:11:24.322  ENTITY    (W): Unknown object class 'pond' (nst\ns\water\lakewater.p3d)
 1:11:24.390 [CE][LootRespawner] (PRIDummy) :: Item [1] is hard to place, performance drops: "NurseDress_White"
 1:11:24.488 [CE][LootRespawner] (PRIDummy) :: Item [2] is hard to place, performance drops: "WoolCoat_Blue"
 1:11:24.497 [CE][LootRespawner] (PRIDummy) :: Item [3] is hard to place, performance drops: "Jeans_Blue"
 1:11:24.497 [CE][LootRespawner] (PRIDummy) :: Item [4] is hard to place, performance drops: "Jeans_Blue"
 1:11:24.519  WORLD        : Create entity type 'BaseRadio'
 1:11:24.519   ENTITY    (E): Type 'Inventory_BaseType' must be inherited from class 'ItemTransmitterType'
 1:11:24.523 [CE][LootRespawner] (PRIDummy) :: Item [5] is hard to place, performance drops: "BaseRadio"
 1:11:24.524 [CE][LootRespawner] (PRIDummy) :: Item [6] is hard to place, performance drops: "SlacksPants_Blue"
 1:11:24.562 [CE][LootRespawner] (PRIDummy) :: Item [7] is hard to place, performance drops: "WomanSuit_Khaki"
 1:11:24.562 [CE][LootRespawner] (PRIDummy) :: Item [8] is hard to place, performance drops: "WomanSuit_Khaki"
 1:11:24.604 [CE][LootRespawner] (PRIDummy) :: Item [9] is hard to place, performance drops: "TrackSuitPants_Green"
 1:11:24.669  WORLD        : Create entity type 'Megaphone'
 1:11:24.669   ENTITY    (E): Type 'Inventory_BaseType' must be inherited from class 'ItemMegaphoneType'
 1:11:24.671 !!! [CE][Point] Removing 7662.071289, 8789.262695 from land_hiluxT
 1:11:24.671 [CE][LootRespawner] (PRIDummy) :: Item [10] is hard to place, performance drops: "Megaphone"
 1:11:24.704  ENTITY    (W): Unknown object class 'pond' (nst\ns\water\lakewater.p3d)
 1:11:24.705  ENTITY    (W): Unknown object class 'pond' (nst\ns\water\lakewater.p3d)
 1:11:24.705  ENTITY    (W): Unknown object class 'pond' (nst\ns\water\lakewater.p3d)
 1:11:24.705  ENTITY    (W): Unknown object class 'pond' (nst\ns\water\lakewater.p3d)
 1:11:24.711 [CE][LootRespawner] (PRIDummy) :: Item [11] is hard to place, performance drops: "GorkaPants_Summer"
 1:11:24.719  WORLD        : Create entity type 'Headtorch_Grey'
 1:11:24.719   ENTITY    (E): Type 'Inventory_BaseType' must be inherited from class 'ClothingType'
 1:11:24.750 [CE][LootRespawner] (PRIDummy) :: Item [12] is hard to place, performance drops: "Flag_Bear"
 1:11:24.753 [CE][LootRespawner] (PRIDummy) :: Item [13] is hard to place, performance drops: "Blouse_Blue"
 1:11:24.818 [CE][LootRespawner] (PRIDummy) :: Item [14] is hard to place, performance drops: "HikingJacket_Green"
 1:11:24.839 [CE][LootRespawner] (PRIDummy) :: Item [15] is hard to place, performance drops: "Hacksaw"
 1:11:24.843 [CE][LootRespawner] (PRIDummy) :: Item [16] is hard to place, performance drops: "Hacksaw"
 1:11:24.843 [CE][LootRespawner] (PRIDummy) :: Item [17] is hard to place, performance drops: "Hacksaw"
 1:11:24.860  ENTITY    (W): Unknown object class 'pond' (nst\ns\water\lakewater.p3d)
 1:11:24.860  ENTITY    (W): Unknown object class 'pond' (nst\ns\water\lakewater.p3d)
 1:11:24.860  ENTITY    (W): Unknown object class 'pond' (nst\ns\water\lakewater.p3d)
 1:11:24.903 [CE][LootRespawner] (PRIDummy) :: Item [18] is hard to place, performance drops: "PressVest_LightBlue"
 1:11:24.905 [CE][LootRespawner] (PRIDummy) :: Item [19] is hard to place, performance drops: "PressVest_LightBlue"
 1:11:24.916 [CE][LootRespawner] (PRIDummy) :: Item [20] is hard to place, performance drops: "QuiltedJacket_Yellow"
 1:11:24.924 [CE][LootRespawner] (PRIDummy) :: Item [21] is hard to place, performance drops: "BomberJacket_Brown"
 1:11:24.932 [CE][LootRespawner] (PRIDummy) :: Item [1] causing search overtime: "StartKitIV"
 1:11:24.963 [CE][LootRespawner] (PRIDummy) :: Item [22] is hard to place, performance drops: "BearTrap"
 1:11:24.963 [CE][LootRespawner] (PRIDummy) :: Item [23] is hard to place, performance drops: "BearTrap"
 1:11:24.963 [CE][LootRespawner] (PRIDummy) :: Item [24] is hard to place, performance drops: "BearTrap"
 1:11:24.964 [CE][LootRespawner] (PRIDummy) :: Item [25] is hard to place, performance drops: "BearTrap"
 1:11:24.964 [CE][LootRespawner] (PRIDummy) :: Item [26] is hard to place, performance drops: "BearTrap"
 1:11:24.969 [CE][LootRespawner] (PRIDummy) :: Item [27] is hard to place, performance drops: "TrackSuitJacket_Red"
 1:11:25.02  [CE][LootRespawner] (PRIDummy) :: Item [28] is hard to place, performance drops: "TShirt_Green"
 1:11:25.20  [CE][LootRespawner] (PRIDummy) :: Item [29] is hard to place, performance drops: "Jeans_Black"
 1:11:25.28  [CE][LootRespawner] (PRIDummy) :: Item [30] is hard to place, performance drops: "PolicePants"
 1:11:25.39  [CE][LootRespawner] (PRIDummy) :: Item [31] is hard to place, performance drops: "TShirt_Grey"
 1:11:25.102 [CE][LootRespawner] (PRIDummy) :: Item [32] is hard to place, performance drops: "WomanSuit_Brown"
 1:11:25.102 [CE][LootRespawner] (PRIDummy) :: Item [33] is hard to place, performance drops: "WomanSuit_Brown"
 1:11:25.109 [CE][LootRespawner] (PRIDummy) :: Item [34] is hard to place, performance drops: "AliceBag_Camo"
 1:11:25.136 [CE][LootRespawner] (PRIDummy) :: Item [35] is hard to place, performance drops: "BaseballBat"
 1:11:25.140 [CE][LootRespawner] (PRIDummy) :: Item [36] is hard to place, performance drops: "Crossbow_Autumn"
 1:11:25.140 [CE][LootRespawner] (PRIDummy) :: Item [37] is hard to place, performance drops: "Crossbow_Autumn"
 1:11:25.146 [CE][LootRespawner] (PRIDummy) :: Item [38] is hard to place, performance drops: "Flag_UEC"
 1:11:25.149 [CE][LootRespawner] (PRIDummy) :: Item [39] is hard to place, performance drops: "Hoodie_Brown"
 1:11:25.149 [CE][LootRespawner] (PRIDummy) :: Item [40] is hard to place, performance drops: "Hoodie_Brown"
 1:11:25.153 [CE][LootRespawner] (PRIDummy) :: Item [41] is hard to place, performance drops: "FryingPan"
 1:11:25.154 [CE][LootRespawner] (PRIDummy) :: Item [42] is hard to place, performance drops: "FryingPan"
 1:11:25.159 [CE][LootRespawner] (PRIDummy) :: Item [43] is hard to place, performance drops: "FryingPan"
 1:11:25.165 [CE][LootRespawner] (PRIDummy) :: Item [44] is hard to place, performance drops: "QuiltedJacket_Violet"
 1:11:25.211 [CE][LootRespawner] (PRIDummy) :: Item [2] causing search overtime: "BloodTestKit"
 1:11:25.213 [CE][LootRespawner] (PRIDummy) :: Item [3] causing search overtime: "BloodTestKit"
 1:11:25.215 [CE][LootRespawner] (PRIDummy) :: Item [4] causing search overtime: "BloodTestKit"
 1:11:25.237 [CE][LootRespawner] (PRIDummy) :: Item [45] is hard to place, performance drops: "GorkaEJacket_Autumn"
 1:11:25.240 [CE][LootRespawner] (PRIDummy) :: Item [46] is hard to place, performance drops: "Iceaxe"
 1:11:25.241 [CE][LootRespawner] (PRIDummy) :: Item [47] is hard to place, performance drops: "Iceaxe"
 1:11:25.242 [CE][LootRespawner] (PRIDummy) :: Item [48] is hard to place, performance drops: "TShirt_RedBlackStripes"
 1:11:25.242 [CE][LootRespawner] (PRIDummy) :: Item [49] is hard to place, performance drops: "TShirt_RedBlackStripes"
 1:11:25.242 [CE][LootRespawner] (PRIDummy) :: Item [50] is hard to place, performance drops: "TShirt_RedBlackStripes"
 1:11:25.306 [CE][LootRespawner] (PRIDummy) :: Item [5] causing search overtime: "dzn_blueprint_lehs"
 1:11:25.367 [CE][LootRespawner] (PRIDummy) :: Item [51] is hard to place, performance drops: "HuntingVest_Winter"
 1:11:25.426 [CE][LootRespawner] (PRIDummy) :: Item [52] is hard to place, performance drops: "ManSuit_Blue"
 1:11:25.427 [CE][LootRespawner] (PRIDummy) :: Item [53] is hard to place, performance drops: "ManSuit_Blue"
 1:11:25.437 [CE][LootRespawner] (PRIDummy) :: Item [54] is hard to place, performance drops: "HikingBoots_Black"
 1:11:25.488 [CE][LootRespawner] (PRIDummy) :: Item [55] is hard to place, performance drops: "Shemag_Brown"
 1:11:25.488 [CE][LootRespawner] (PRIDummy) :: Item [56] is hard to place, performance drops: "Shemag_Brown"
 1:11:25.532 [CE][LootRespawner] (PRIDummy) :: Item [57] is hard to place, performance drops: "TrackSuitPants_Blue"
 1:11:25.533 [CE][LootRespawner] (PRIDummy) :: Item [58] is hard to place, performance drops: "TrackSuitPants_Blue"
 1:11:25.533 [CE][LootRespawner] (PRIDummy) :: Item [59] is hard to place, performance drops: "TrackSuitPants_Blue"
 1:11:25.546 [CE][LootRespawner] (PRIDummy) :: Item [60] is hard to place, performance drops: "Shemag_Red"
 1:11:25.547 [CE][LootRespawner] (PRIDummy) :: Item [61] is hard to place, performance drops: "TShirt_Blue"
 1:11:25.548 [CE][LootRespawner] (PRIDummy) :: Item [62] is hard to place, performance drops: "TShirt_Blue"
 1:11:25.577 [CE][LootRespawner] (PRIDummy) :: Item [63] is hard to place, performance drops: "Blouse_Violet"
 1:11:25.596 [CE][LootRespawner] (PRIDummy) :: Item [64] is hard to place, performance drops: "Pipe"
 1:11:25.597 [CE][LootRespawner] (PRIDummy) :: Item [65] is hard to place, performance drops: "Pipe"
 1:11:25.599 [CE][LootRespawner] (PRIDummy) :: Item [66] is hard to place, performance drops: "Pipe"
 1:11:25.600 [CE][LootRespawner] (PRIDummy) :: Item [67] is hard to place, performance drops: "Pipe"
 1:11:25.600 [CE][LootRespawner] (PRIDummy) :: Item [68] is hard to place, performance drops: "Pipe"
 1:11:25.601 [CE][LootRespawner] (PRIDummy) :: Item [69] is hard to place, performance drops: "Pipe"
 1:11:25.637 [CE][LootRespawner] (PRIDummy) :: Item [70] is hard to place, performance drops: "Sneakers_Red"
 1:11:25.642 [CE][LootRespawner] (PRIDummy) :: Item [71] is hard to place, performance drops: "Sweater_Gray"
 1:11:25.643 [CE][LootRespawner] (PRIDummy) :: Item [72] is hard to place, performance drops: "Sweater_Gray"
 1:11:25.649 [CE][LootRespawner] (PRIDummy) :: Item [73] is hard to place, performance drops: "Hoodie_Green"
 1:11:25.652  ENTITY    (W): Unknown object class 'pond' (nst\ns\water\lakewater.p3d)
 1:11:25.652  ENTITY    (W): Unknown object class 'pond' (nst\ns\water\lakewater.p3d)
 1:11:25.653  ENTITY    (W): Unknown object class 'pond' (nst\ns\water\lakewater.p3d)
 1:11:25.653  ENTITY    (W): Unknown object class 'pond' (nst\ns\water\lakewater.p3d)
 1:11:25.654  ENTITY    (W): Unknown object class 'pond' (nst\ns\water\lakewater.p3d)
 1:11:25.655  ENTITY    (W): Unknown object class 'pond' (nst\ns\water\lakewater.p3d)
 1:11:25.655  ENTITY    (W): Unknown object class 'pond' (nst\ns\water\lakewater.p3d)
 1:11:25.655  ENTITY    (W): Unknown object class 'pond' (nst\ns\water\lakewater.p3d)
 1:11:25.680 [CE][LootRespawner] (PRIDummy) :: Item [74] is hard to place, performance drops: "CZ527"
 1:11:25.680 [CE][LootRespawner] (PRIDummy) :: Item [75] is hard to place, performance drops: "CZ527"
 1:11:25.683 [CE][LootRespawner] (PRIDummy) :: Item [76] is hard to place, performance drops: "CZ527"
 1:11:25.683 [CE][LootRespawner] (PRIDummy) :: Item [77] is hard to place, performance drops: "CZ527"
 1:11:25.687 [CE][LootRespawner] (PRIDummy) :: Item [78] is hard to place, performance drops: "CZ527"
 1:11:25.690 [CE][LootRespawner] (PRIDummy) :: Item [79] is hard to place, performance drops: "DownJacket_Red"
 1:11:25.707 [CE][LootRespawner] (PRIDummy) :: Item [80] is hard to place, performance drops: "HikingBootsLow_Grey"
 1:11:25.719 [CE][LootRespawner] (PRIDummy) :: Item [81] is hard to place, performance drops: "HandSaw"
 1:11:25.720 [CE][LootRespawner] (PRIDummy) :: Item [82] is hard to place, performance drops: "HandSaw"
 1:11:25.742 [CE][LootRespawner] (PRIDummy) :: Item [83] is hard to place, performance drops: "CZ550"
 1:11:25.748  WORLD        : Create entity type 'personalradio'
 1:11:25.748   ENTITY    (E): Type 'Inventory_BaseType' must be inherited from class 'ItemTransmitterType'
 1:11:25.772 [CE][LootRespawner] (PRIDummy) :: Item [84] is hard to place, performance drops: "Fabric"
 1:11:25.772 [CE][LootRespawner] (PRIDummy) :: Item [85] is hard to place, performance drops: "Fabric"
 1:11:25.773 [CE][LootRespawner] (PRIDummy) :: Item [86] is hard to place, performance drops: "Fabric"
 1:11:25.774 [CE][LootRespawner] (PRIDummy) :: Item [87] is hard to place, performance drops: "Fabric"
 1:11:25.780 [CE][LootRespawner] (PRIDummy) :: Item [88] is hard to place, performance drops: "Spotlight"
 1:11:25.793 [CE][LootRespawner] (PRIDummy) :: Item [89] is hard to place, performance drops: "Bandana_BlackPattern"
 1:11:25.795 [CE][LootRespawner] (PRIDummy) :: Item [90] is hard to place, performance drops: "BalaclavaMask_Blue"
 1:11:25.825 [CE][LootRespawner] (PRIDummy) :: Item [91] is hard to place, performance drops: "DressShoes_Brown"
 1:11:25.847 [CE][LootRespawner] (PRIDummy) :: Item [92] is hard to place, performance drops: "MountainBag_Red"
 1:11:25.847 [CE][LootRespawner] (PRIDummy) :: Item [93] is hard to place, performance drops: "MountainBag_Red"
 1:11:25.852 [CE][LootRespawner] (PRIDummy) :: Item [94] is hard to place, performance drops: "TTSKOPants"
 1:11:25.866 [CE][LootRespawner] (PRIDummy) :: Item [6] causing search overtime: "SalineBag"
 1:11:25.897 [CE][LootRespawner] (PRIDummy) :: Item [95] is hard to place, performance drops: "TrackSuitJacket_LightBlue"
 1:11:25.920 [CE][LootRespawner] (PRIDummy) :: Item [96] is hard to place, performance drops: "ManSuit_LightGrey"
 1:11:25.920 [CE][LootRespawner] (PRIDummy) :: Item [97] is hard to place, performance drops: "ManSuit_LightGrey"
 1:11:25.929 [CE][LootRespawner] (PRIDummy) :: Item [98] is hard to place, performance drops: "WoodenPlank"
 1:11:25.936 [CE][LootRespawner] (PRIDummy) :: Item [99] is hard to place, performance drops: "WoodenPlank"
 1:11:25.944 [CE][LootRespawner] (PRIDummy) :: Item [100] is hard to place, performance drops: "WoodenPlank"
 1:11:25.952  ENTITY    (W): Unknown object class 'pond' (nst\ns\water\lakewater.p3d)
 1:11:25.952  ENTITY    (W): Unknown object class 'pond' (nst\ns\water\lakewater.p3d)
 1:11:25.952  ENTITY    (W): Unknown object class 'pond' (nst\ns\water\lakewater.p3d)
 1:11:26.01  [CE][LootRespawner] (PRIDummy) :: Item [101] is hard to place, performance drops: "Raincoat_Yellow"
 1:11:26.23  [CE][LootRespawner] (PRIDummy) :: Item [102] is hard to place, performance drops: "Izh18Shotgun"
 1:11:26.31  [CE][LootRespawner] (PRIDummy) :: Item [103] is hard to place, performance drops: "Izh18Shotgun"
 1:11:26.31  [CE][LootRespawner] (PRIDummy) :: Item [104] is hard to place, performance drops: "Izh18Shotgun"
 1:11:26.52  [CE][LootRespawner] (PRIDummy) :: Item [105] is hard to place, performance drops: "PoliceJacket"
 1:11:26.52  [CE][LootRespawner] (PRIDummy) :: Item [106] is hard to place, performance drops: "PoliceJacket"
 1:11:26.91   ENTITY    (W): Unknown object class 'pond' (nst\ns\water\lakewater.p3d)
 1:11:26.91   ENTITY    (W): Unknown object class 'pond' (nst\ns\water\lakewater.p3d)
 1:11:26.91   ENTITY    (W): Unknown object class 'pond' (nst\ns\water\lakewater.p3d)
 1:11:26.112 [CE][LootRespawner] (PRIDummy) :: Item [107] is hard to place, performance drops: "MKII"
 1:11:26.114 [CE][LootRespawner] (PRIDummy) :: Item [108] is hard to place, performance drops: "MKII"
 1:11:26.123 [CE][LootRespawner] (PRIDummy) :: Item [109] is hard to place, performance drops: "MKII"
 1:11:26.123 [CE][LootRespawner] (PRIDummy) :: Item [110] is hard to place, performance drops: "MKII"
 1:11:26.123 [CE][LootRespawner] (PRIDummy) :: Item [111] is hard to place, performance drops: "MKII"
 1:11:26.132 [CE][LootRespawner] (PRIDummy) :: Item [112] is hard to place, performance drops: "MKII"
 1:11:26.138 [CE][LootRespawner] (PRIDummy) :: Item [7] causing search overtime: "BandageDressing"
 1:11:26.140 [CE][LootRespawner] (PRIDummy) :: Item [8] causing search overtime: "BandageDressing"
 1:11:26.143 [CE][LootRespawner] (PRIDummy) :: Item [9] causing search overtime: "BandageDressing"
 1:11:26.174 [CE][LootRespawner] (PRIDummy) :: Item [113] is hard to place, performance drops: "JumpsuitJacket_Gray"
 1:11:26.219 [CE][LootRespawner] (PRIDummy) :: Item [10] causing search overtime: "BloodBagEmpty"
 1:11:26.221 [CE][LootRespawner] (PRIDummy) :: Item [11] causing search overtime: "BloodBagEmpty"
 1:11:26.250 [CE][LootRespawner] (PRIDummy) :: Item [114] is hard to place, performance drops: "GP5GasMask"
 1:11:26.259 [CE][LootRespawner] (PRIDummy) :: Item [115] is hard to place, performance drops: "SVD"
 1:11:26.279 [CE][LootRespawner] (PRIDummy) :: Item [12] causing search overtime: "SurgicalMask"
 1:11:26.283 [CE][LootRespawner] (PRIDummy) :: Item [116] is hard to place, performance drops: "Sweater_Blue"
 1:11:26.283 [CE][LootRespawner] (PRIDummy) :: Item [117] is hard to place, performance drops: "Sweater_Blue"
 1:11:26.290 [CE][LootRespawner] (PRIDummy) :: Item [118] is hard to place, performance drops: "PrisonUniformPants"
 1:11:26.292 [CE][LootRespawner] (PRIDummy) :: Item [119] is hard to place, performance drops: "PrisonUniformPants"
 1:11:26.293 [CE][LootRespawner] (PRIDummy) :: Item [120] is hard to place, performance drops: "PrisonUniformPants"
 1:11:26.308 [CE][LootRespawner] (PRIDummy) :: Item [121] is hard to place, performance drops: "Ruger1022"
 1:11:26.316 [CE][LootRespawner] (PRIDummy) :: Item [122] is hard to place, performance drops: "Ruger1022"
 1:11:26.319 [CE][LootRespawner] (PRIDummy) :: Item [123] is hard to place, performance drops: "TaloonBag_Violet"
 1:11:26.319 [CE][LootRespawner] (PRIDummy) :: Item [124] is hard to place, performance drops: "TaloonBag_Violet"
 1:11:26.319 [CE][LootRespawner] (PRIDummy) :: Item [125] is hard to place, performance drops: "TaloonBag_Violet"
 1:11:26.319 [CE][LootRespawner] (PRIDummy) :: Item [126] is hard to place, performance drops: "TaloonBag_Violet"
 1:11:26.319 [CE][LootRespawner] (PRIDummy) :: Item [127] is hard to place, performance drops: "TaloonBag_Violet"
 1:11:26.319 [CE][LootRespawner] (PRIDummy) :: Item [128] is hard to place, performance drops: "TaloonBag_Violet"
 1:11:26.319 [CE][LootRespawner] (PRIDummy) :: Item [129] is hard to place, performance drops: "TaloonBag_Violet"
 1:11:26.319 [CE][LootRespawner] (PRIDummy) :: Item [130] is hard to place, performance drops: "TaloonBag_Violet"
 1:11:26.319 [CE][LootRespawner] (PRIDummy) :: Item [131] is hard to place, performance drops: "TaloonBag_Violet"
 1:11:26.319 [CE][LootRespawner] (PRIDummy) :: Item [132] is hard to place, performance drops: "TaloonBag_Violet"
 1:11:26.320 [CE][LootRespawner] (PRIDummy) :: Item [133] is hard to place, performance drops: "CargoPants_Beige"
 1:11:26.358 [CE][LootRespawner] (PRIDummy) :: Item [134] is hard to place, performance drops: "TShirt_White"
 1:11:26.411 [CE][LootRespawner] (PRIDummy) :: Item [135] is hard to place, performance drops: "Sickle"
 1:11:26.420 [CE][LootRespawner] (PRIDummy) :: Item [136] is hard to place, performance drops: "WoodAxe"
 1:11:26.453 [CE][LootRespawner] (PRIDummy) :: Item [137] is hard to place, performance drops: "JoggingShoes_Red"
 1:11:26.470 [CE][LootRespawner] (PRIDummy) :: Item [138] is hard to place, performance drops: "GardenLime"
 1:11:26.470 [CE][LootRespawner] (PRIDummy) :: Item [139] is hard to place, performance drops: "GardenLime"
 1:11:26.480 [CE][LootRespawner] (PRIDummy) :: Item [140] is hard to place, performance drops: "WorkingGloves_Yellow"
 1:11:26.481 [CE][LootRespawner] (PRIDummy) :: Item [141] is hard to place, performance drops: "WorkingGloves_Yellow"
 1:11:26.486 [CE][LootRespawner] (PRIDummy) :: Item [142] is hard to place, performance drops: "TShirt_Beige"
 1:11:26.489 [CE][LootRespawner] (PRIDummy) :: Item [143] is hard to place, performance drops: "dzn_bandana_wintercamopattern"
 1:11:26.499 [CE][LootRespawner] (PRIDummy) :: Item [144] is hard to place, performance drops: "Crossbow_Wood"
 1:11:26.499 [CE][LootRespawner] (PRIDummy) :: Item [145] is hard to place, performance drops: "Crossbow_Wood"
 1:11:26.537 [CE][LootRespawner] (PRIDummy) :: Item [13] causing search overtime: "StarlightOptic"
 1:11:26.537 [CE][LootRespawner] (PRIDummy) :: Item [14] causing search overtime: "StarlightOptic"
 1:11:26.537 [CE][LootRespawner] (PRIDummy) :: Item [15] causing search overtime: "StarlightOptic"
 1:11:26.543 [CE][LootRespawner] (PRIDummy) :: Item [146] is hard to place, performance drops: "PetushokHat_Yellow"
 1:11:26.576 [CE][LootRespawner] (PRIDummy) :: Item [147] is hard to place, performance drops: "BarbedWire"
 1:11:26.589 [CE][LootRespawner] (PRIDummy) :: Item [148] is hard to place, performance drops: "Sweater_Red"
 1:11:26.589 [CE][LootRespawner] (PRIDummy) :: Item [149] is hard to place, performance drops: "Sweater_Red"
 1:11:26.589 [CE][LootRespawner] (PRIDummy) :: Item [150] is hard to place, performance drops: "Sweater_Red"
 1:11:26.590 [CE][LootRespawner] (PRIDummy) :: Item [151] is hard to place, performance drops: "Sweater_Red"
 1:11:26.618 [CE][LootRespawner] (PRIDummy) :: Item [152] is hard to place, performance drops: "SVD_Wooden"
 1:11:26.622 [CE][LootRespawner] (PRIDummy) :: Item [153] is hard to place, performance drops: "MotoHelmet_Red"
 1:11:26.667 !!! [CE][Point] Removing 6504.356445, 9291.453125 from land_wrecked_ural
 1:11:26.667 [CE][LootRespawner] (PRIDummy) :: Item [154] is hard to place, performance drops: "Mich2001Helmet"
 1:11:26.680 [CE][LootRespawner] (PRIDummy) :: Item [155] is hard to place, performance drops: "BushlatPoliceJacket_Blue"
 1:11:26.689 [CE][LootRespawner] (PRIDummy) :: Item [16] causing search overtime: "dzn_netanyas_log"
 1:11:26.691 [CE][LootRespawner] (PRIDummy) :: Item [156] is hard to place, performance drops: "BeanieHat_Black"
 1:11:26.718 [CE][LootRespawner] (PRIDummy) :: Item [157] is hard to place, performance drops: "ChestHolster"
 1:11:26.732 [CE][LootRespawner] (PRIDummy) :: Item [17] causing search overtime: "FirefighterJacket_Beige"
 1:11:26.741 [CE][LootRespawner] (PRIDummy) :: Item [158] is hard to place, performance drops: "TShirt_Red"
 1:11:26.742 [CE][LootRespawner] (PRIDummy) :: Item [159] is hard to place, performance drops: "TShirt_Red"
 1:11:26.742 [CE][LootRespawner] (PRIDummy) :: Item [160] is hard to place, performance drops: "TShirt_Red"
 1:11:26.742 [CE][LootRespawner] (PRIDummy) :: Item [161] is hard to place, performance drops: "TShirt_Red"
 1:11:26.742 [CE][LootRespawner] (PRIDummy) :: Item [162] is hard to place, performance drops: "TShirt_Red"
 1:11:26.780 [CE][LootRespawner] (PRIDummy) :: Item [163] is hard to place, performance drops: "PipeWrench"
 1:11:26.783 [CE][LootRespawner] (PRIDummy) :: Item [18] causing search overtime: "Mag_M14_20Rnd"
 1:11:26.815 [CE][LootRespawner] (PRIDummy) :: Item [19] causing search overtime: "AK74"
 1:11:26.830 [CE][LootRespawner] (PRIDummy) :: Item [164] is hard to place, performance drops: "CamoNet"
 1:11:26.831 [CE][LootRespawner] (PRIDummy) :: Item [165] is hard to place, performance drops: "CamoNet"
 1:11:26.832 [CE][LootRespawner] (PRIDummy) :: Item [166] is hard to place, performance drops: "CamoNet"
 1:11:26.877 [CE][LootRespawner] (PRIDummy) :: Item [20] causing search overtime: "Mag_SV98_10Rnd"
 1:11:26.877 [CE][LootRespawner] (PRIDummy) :: Item [21] causing search overtime: "Mag_SV98_10Rnd"
 1:11:26.887 [CE][LootRespawner] (PRIDummy) :: Item [167] is hard to place, performance drops: "CargoPants_Blue"
 1:11:26.893 [CE][LootRespawner] (PRIDummy) :: Item [168] is hard to place, performance drops: "JumpsuitJacket_Blue"
 1:11:26.893 [CE][LootRespawner] (PRIDummy) :: Item [169] is hard to place, performance drops: "JumpsuitJacket_Blue"
 1:11:26.895 [CE][LootRespawner] (PRIDummy) :: Item [170] is hard to place, performance drops: "JumpsuitJacket_Blue"
 1:11:26.896 [CE][LootRespawner] (PRIDummy) :: Item [171] is hard to place, performance drops: "JumpsuitJacket_Blue"
 1:11:26.897 [CE][LootRespawner] (PRIDummy) :: Item [172] is hard to place, performance drops: "JumpsuitJacket_Blue"
 1:11:26.898 [CE][LootRespawner] (PRIDummy) :: Item [173] is hard to place, performance drops: "JumpsuitJacket_Blue"
 1:11:26.899 [CE][LootRespawner] (PRIDummy) :: Item [174] is hard to place, performance drops: "JumpsuitJacket_Blue"
 1:11:26.909 [CE][LootRespawner] (PRIDummy) :: Item [175] is hard to place, performance drops: "Bandana_RedPattern"
 1:11:26.909 [CE][LootRespawner] (PRIDummy) :: Item [176] is hard to place, performance drops: "Bandana_RedPattern"
 1:11:26.911 [CE][LootRespawner] (PRIDummy) :: Item [177] is hard to place, performance drops: "Bandana_RedPattern"
 1:11:26.921 [CE][LootRespawner] (PRIDummy) :: Item [178] is hard to place, performance drops: "WeldingMask"
 1:11:26.922 [CE][LootRespawner] (PRIDummy) :: Item [179] is hard to place, performance drops: "WeldingMask"
 1:11:26.991 [CE][LootRespawner] (PRIDummy) :: Item [22] causing search overtime: "MedicalScrubsHat_White"
 1:11:26.995 [CE][LootRespawner] (PRIDummy) :: Item [180] is hard to place, performance drops: "BeanieHat_Beige"
 1:11:26.997 [CE][LootRespawner] (PRIDummy) :: Item [181] is hard to place, performance drops: "Rope"
 1:11:27.03  [CE][LootRespawner] (PRIDummy) :: Item [182] is hard to place, performance drops: "Rope"
 1:11:27.11  [CE][LootRespawner] (PRIDummy) :: Item [183] is hard to place, performance drops: "JumpsuitJacket_Red"
 1:11:27.29  [CE][LootRespawner] (PRIDummy) :: Item [23] causing search overtime: "AugShort"
 1:11:27.32  [CE][LootRespawner] (PRIDummy) :: Item [24] causing search overtime: "AugShort"
 1:11:27.38  [CE][LootRespawner] (PRIDummy) :: Item [184] is hard to place, performance drops: "WorkingGloves_Beige"
 1:11:27.41  [CE][LootRespawner] (PRIDummy) :: Item [185] is hard to place, performance drops: "WorkingGloves_Beige"
 1:11:27.42  [CE][LootRespawner] (PRIDummy) :: Item [186] is hard to place, performance drops: "WorkingGloves_Beige"
 1:11:27.42  [CE][LootRespawner] (PRIDummy) :: Item [187] is hard to place, performance drops: "WorkingGloves_Beige"
 1:11:27.43  [CE][LootRespawner] (PRIDummy) :: Item [188] is hard to place, performance drops: "WorkingGloves_Beige"
 1:11:27.62  !!! [CE][Point] Removing 6504.311523, 9286.791016 from land_wrecked_ural
 1:11:27.62  [CE][LootRespawner] (PRIDummy) :: Item [189] is hard to place, performance drops: "PilotkaCap"
 1:11:27.68  [CE][LootRespawner] (PRIDummy) :: Item [25] causing search overtime: "MedicalScrubsShirt_White"
 1:11:27.69  [CE][LootRespawner] (PRIDummy) :: Item [190] is hard to place, performance drops: "Pickaxe"
 1:11:27.72  [CE][LootRespawner] (PRIDummy) :: Item [191] is hard to place, performance drops: "Pickaxe"
 1:11:27.73  [CE][LootRespawner] (PRIDummy) :: Item [192] is hard to place, performance drops: "Pickaxe"
 1:11:27.77  [CE][LootRespawner] (PRIDummy) :: Item [193] is hard to place, performance drops: "BomberJacket_Maroon"
 1:11:27.79  [CE][LootRespawner] (PRIDummy) :: Item [194] is hard to place, performance drops: "QuiltedJacket_Green"
 1:11:27.90  [CE][LootRespawner] (PRIDummy) :: Item [195] is hard to place, performance drops: "WinterCoif_Black"
 1:11:27.103 [CE][LootRespawner] (PRIDummy) :: Item [196] is hard to place, performance drops: "Hatchback_02_Wheel"
 1:11:27.103 [CE][LootRespawner] (PRIDummy) :: Item [197] is hard to place, performance drops: "Hatchback_02_Wheel"
 1:11:27.105 [CE][LootRespawner] (PRIDummy) :: Item [198] is hard to place, performance drops: "Hatchback_02_Wheel"
 1:11:27.105 [CE][LootRespawner] (PRIDummy) :: Item [199] is hard to place, performance drops: "Hatchback_02_Wheel"
 1:11:27.105 [CE][LootRespawner] (PRIDummy) :: Item [200] is hard to place, performance drops: "Hatchback_02_Wheel"
 1:11:27.105 [CE][LootRespawner] (PRIDummy) :: Item [201] is hard to place, performance drops: "Hatchback_02_Wheel"
 1:11:27.107 [CE][LootRespawner] (PRIDummy) :: Item [202] is hard to place, performance drops: "JumpsuitPants_Grey"
 1:11:27.110 [CE][LootRespawner] (PRIDummy) :: Item [203] is hard to place, performance drops: "JumpsuitPants_Grey"
 1:11:27.110 [CE][LootRespawner] (PRIDummy) :: Item [204] is hard to place, performance drops: "JumpsuitPants_Grey"
 1:11:27.111 [CE][LootRespawner] (PRIDummy) :: Item [205] is hard to place, performance drops: "JumpsuitPants_Grey"
 1:11:27.111 [CE][LootRespawner] (PRIDummy) :: Item [206] is hard to place, performance drops: "JumpsuitPants_Grey"
 1:11:27.119 [CE][LootRespawner] (PRIDummy) :: Item [207] is hard to place, performance drops: "Wrench"
 1:11:27.132 [CE][LootRespawner] (PRIDummy) :: Item [208] is hard to place, performance drops: "BatteryCharger"
 1:11:27.132 [CE][LootRespawner] (PRIDummy) :: Item [209] is hard to place, performance drops: "BatteryCharger"
 1:11:27.134 [CE][LootRespawner] (PRIDummy) :: Item [210] is hard to place, performance drops: "BatteryCharger"
 1:11:27.140  WORLD        : Create entity type 'Headtorch_Black'
 1:11:27.140   ENTITY    (E): Type 'Inventory_BaseType' must be inherited from class 'ClothingType'
 1:11:27.148 [CE][LootRespawner] (PRIDummy) :: Item [211] is hard to place, performance drops: "NBCJacketGray"
 1:11:27.151 [CE][LootRespawner] (PRIDummy) :: Item [212] is hard to place, performance drops: "MetalPlate"
 1:11:27.154 [CE][LootRespawner] (PRIDummy) :: Item [213] is hard to place, performance drops: "MetalPlate"
 1:11:27.155 [CE][LootRespawner] (PRIDummy) :: Item [214] is hard to place, performance drops: "MetalPlate"
 1:11:27.155 [CE][LootRespawner] (PRIDummy) :: Item [215] is hard to place, performance drops: "MetalPlate"
 1:11:27.155 [CE][LootRespawner] (PRIDummy) :: Item [216] is hard to place, performance drops: "MetalPlate"
 1:11:27.156 [CE][LootRespawner] (PRIDummy) :: Item [217] is hard to place, performance drops: "MetalPlate"
 1:11:27.157 [CE][LootRespawner] (PRIDummy) :: Item [218] is hard to place, performance drops: "MetalPlate"
 1:11:27.158 [CE][LootRespawner] (PRIDummy) :: Item [219] is hard to place, performance drops: "MetalPlate"
 1:11:27.158 [CE][LootRespawner] (PRIDummy) :: Item [220] is hard to place, performance drops: "MetalPlate"
 1:11:27.159 [CE][LootRespawner] (PRIDummy) :: Item [221] is hard to place, performance drops: "MetalPlate"
 1:11:27.161 [CE][LootRespawner] (PRIDummy) :: Item [222] is hard to place, performance drops: "MetalPlate"
 1:11:27.163 [CE][LootRespawner] (PRIDummy) :: Item [223] is hard to place, performance drops: "MetalPlate"
 1:11:27.163 [CE][LootRespawner] (PRIDummy) :: Item [224] is hard to place, performance drops: "MetalPlate"
 1:11:27.163 [CE][LootRespawner] (PRIDummy) :: Item [225] is hard to place, performance drops: "MetalPlate"
 1:11:27.165 [CE][LootRespawner] (PRIDummy) :: Item [226] is hard to place, performance drops: "MetalPlate"
 1:11:27.165 [CE][LootRespawner] (PRIDummy) :: Item [26] causing search overtime: "MetalPlate"
 1:11:27.165 [CE][LootRespawner] (PRIDummy) :: Item [227] is hard to place, performance drops: "MetalPlate"
 1:11:27.165 [CE][LootRespawner] (PRIDummy) :: Item [228] is hard to place, performance drops: "MetalPlate"
 1:11:27.165 [CE][LootRespawner] (PRIDummy) :: Item [229] is hard to place, performance drops: "MetalPlate"
 1:11:27.166 [CE][LootRespawner] (PRIDummy) :: Item [230] is hard to place, performance drops: "MetalPlate"
 1:11:27.167 [CE][LootRespawner] (PRIDummy) :: Item [231] is hard to place, performance drops: "MetalPlate"
 1:11:27.168 [CE][LootRespawner] (PRIDummy) :: Item [232] is hard to place, performance drops: "MetalPlate"
 1:11:27.168 [CE][LootRespawner] (PRIDummy) :: Item [233] is hard to place, performance drops: "MetalPlate"
 1:11:27.169 [CE][LootRespawner] (PRIDummy) :: Item [234] is hard to place, performance drops: "MetalPlate"
 1:11:27.169 [CE][LootRespawner] (PRIDummy) :: Item [235] is hard to place, performance drops: "MetalPlate"
 1:11:27.169 [CE][LootRespawner] (PRIDummy) :: Item [236] is hard to place, performance drops: "MetalPlate"
 1:11:27.171 [CE][LootRespawner] (PRIDummy) :: Item [237] is hard to place, performance drops: "MetalPlate"
 1:11:27.171 [CE][LootRespawner] (PRIDummy) :: Item [238] is hard to place, performance drops: "MetalPlate"
 1:11:27.172 [CE][LootRespawner] (PRIDummy) :: Item [239] is hard to place, performance drops: "MetalPlate"
 1:11:27.173 [CE][LootRespawner] (PRIDummy) :: Item [240] is hard to place, performance drops: "MetalPlate"
 1:11:27.174 [CE][LootRespawner] (PRIDummy) :: Item [241] is hard to place, performance drops: "MetalPlate"
 1:11:27.175 [CE][LootRespawner] (PRIDummy) :: Item [242] is hard to place, performance drops: "MetalPlate"
 1:11:27.175 [CE][LootRespawner] (PRIDummy) :: Item [243] is hard to place, performance drops: "MetalPlate"
 1:11:27.175 [CE][LootRespawner] (PRIDummy) :: Item [27] causing search overtime: "MetalPlate"
 1:11:27.175 [CE][LootRespawner] (PRIDummy) :: Item [244] is hard to place, performance drops: "MetalPlate"
 1:11:27.178 [CE][LootRespawner] (PRIDummy) :: Item [245] is hard to place, performance drops: "MetalPlate"
 1:11:27.178 [CE][LootRespawner] (PRIDummy) :: Item [246] is hard to place, performance drops: "MetalPlate"
 1:11:27.178 [CE][LootRespawner] (PRIDummy) :: Item [247] is hard to place, performance drops: "MetalPlate"
 1:11:27.179 [CE][LootRespawner] (PRIDummy) :: Item [248] is hard to place, performance drops: "MetalPlate"
 1:11:27.179 [CE][LootRespawner] (PRIDummy) :: Item [249] is hard to place, performance drops: "MetalPlate"
 1:11:27.180 [CE][LootRespawner] (PRIDummy) :: Item [250] is hard to place, performance drops: "MetalPlate"
 1:11:27.180 [CE][LootRespawner] (PRIDummy) :: Item [251] is hard to place, performance drops: "MetalPlate"
 1:11:27.181 [CE][LootRespawner] (PRIDummy) :: Item [252] is hard to place, performance drops: "MetalPlate"
 1:11:27.181 [CE][LootRespawner] (PRIDummy) :: Item [253] is hard to place, performance drops: "MetalPlate"
 1:11:27.181 [CE][LootRespawner] (PRIDummy) :: Item [254] is hard to place, performance drops: "MetalPlate"
 1:11:27.182 [CE][LootRespawner] (PRIDummy) :: Item [255] is hard to place, performance drops: "MetalPlate"
 1:11:27.182 [CE][LootRespawner] (PRIDummy) :: Item [256] is hard to place, performance drops: "MetalPlate"
 1:11:27.182 [CE][LootRespawner] (PRIDummy) :: Item [257] is hard to place, performance drops: "MetalPlate"
 1:11:27.183 [CE][LootRespawner] (PRIDummy) :: Item [258] is hard to place, performance drops: "MetalPlate"
 1:11:27.184 [CE][LootRespawner] (PRIDummy) :: Item [259] is hard to place, performance drops: "MetalPlate"
 1:11:27.184 [CE][LootRespawner] (PRIDummy) :: Item [260] is hard to place, performance drops: "MetalPlate"
 1:11:27.184 [CE][LootRespawner] (PRIDummy) :: Item [261] is hard to place, performance drops: "MetalPlate"
 1:11:27.185 [CE][LootRespawner] (PRIDummy) :: Item [28] causing search overtime: "MetalPlate"
 1:11:27.186 [CE][LootRespawner] (PRIDummy) :: Item [262] is hard to place, performance drops: "MetalPlate"
 1:11:27.186 [CE][LootRespawner] (PRIDummy) :: Item [263] is hard to place, performance drops: "MetalPlate"
 1:11:27.187 [CE][LootRespawner] (PRIDummy) :: Item [264] is hard to place, performance drops: "MetalPlate"
 1:11:27.188 [CE][LootRespawner] (PRIDummy) :: Item [265] is hard to place, performance drops: "MetalPlate"
 1:11:27.188 [CE][LootRespawner] (PRIDummy) :: Item [266] is hard to place, performance drops: "MetalPlate"
 1:11:27.188 [CE][LootRespawner] (PRIDummy) :: Item [267] is hard to place, performance drops: "MetalPlate"
 1:11:27.189 [CE][LootRespawner] (PRIDummy) :: Item [268] is hard to place, performance drops: "MetalPlate"
 1:11:27.189 [CE][LootRespawner] (PRIDummy) :: Item [269] is hard to place, performance drops: "MetalPlate"
 1:11:27.189 [CE][LootRespawner] (PRIDummy) :: Item [270] is hard to place, performance drops: "MetalPlate"
 1:11:27.189 [CE][LootRespawner] (PRIDummy) :: Item [271] is hard to place, performance drops: "MetalPlate"
 1:11:27.190 [CE][LootRespawner] (PRIDummy) :: Item [272] is hard to place, performance drops: "MetalPlate"
 1:11:27.191 [CE][LootRespawner] (PRIDummy) :: Item [273] is hard to place, performance drops: "MetalPlate"
 1:11:27.192 [CE][LootRespawner] (PRIDummy) :: Item [274] is hard to place, performance drops: "MetalPlate"
 1:11:27.192 [CE][LootRespawner] (PRIDummy) :: Item [275] is hard to place, performance drops: "MetalPlate"
 1:11:27.192 [CE][LootRespawner] (PRIDummy) :: Item [276] is hard to place, performance drops: "MetalPlate"
 1:11:27.192 [CE][LootRespawner] (PRIDummy) :: Item [277] is hard to place, performance drops: "MetalPlate"
 1:11:27.192 [CE][LootRespawner] (PRIDummy) :: Item [278] is hard to place, performance drops: "MetalPlate"
 1:11:27.193 [CE][LootRespawner] (PRIDummy) :: Item [279] is hard to place, performance drops: "MetalPlate"
 1:11:27.193 [CE][LootRespawner] (PRIDummy) :: Item [29] causing search overtime: "MetalPlate"
 1:11:27.194 [CE][LootRespawner] (PRIDummy) :: Item [280] is hard to place, performance drops: "MetalPlate"
 1:11:27.195 [CE][LootRespawner] (PRIDummy) :: Item [281] is hard to place, performance drops: "MetalPlate"
 1:11:27.195 [CE][LootRespawner] (PRIDummy) :: Item [282] is hard to place, performance drops: "MetalPlate"
 1:11:27.196 [CE][LootRespawner] (PRIDummy) :: Item [283] is hard to place, performance drops: "MetalPlate"
 1:11:27.196 [CE][LootRespawner] (PRIDummy) :: Item [284] is hard to place, performance drops: "MetalPlate"
 1:11:27.197 [CE][LootRespawner] (PRIDummy) :: Item [285] is hard to place, performance drops: "MetalPlate"
 1:11:27.197 [CE][LootRespawner] (PRIDummy) :: Item [286] is hard to place, performance drops: "MetalPlate"
 1:11:27.197 [CE][LootRespawner] (PRIDummy) :: Item [287] is hard to place, performance drops: "MetalPlate"
 1:11:27.197 [CE][LootRespawner] (PRIDummy) :: Item [288] is hard to place, performance drops: "MetalPlate"
 1:11:27.198 [CE][LootRespawner] (PRIDummy) :: Item [289] is hard to place, performance drops: "MetalPlate"
 1:11:27.199 [CE][LootRespawner] (PRIDummy) :: Item [290] is hard to place, performance drops: "MetalPlate"
 1:11:27.199 [CE][LootRespawner] (PRIDummy) :: Item [291] is hard to place, performance drops: "MetalPlate"
 1:11:27.199 [CE][LootRespawner] (PRIDummy) :: Item [292] is hard to place, performance drops: "MetalPlate"
 1:11:27.204 [CE][LootRespawner] (PRIDummy) :: Item [293] is hard to place, performance drops: "WorkingBoots_Beige"
 1:11:27.206 [CE][LootRespawner] (PRIDummy) :: Item [294] is hard to place, performance drops: "WorkingBoots_Beige"
 1:11:27.207 [CE][LootRespawner] (PRIDummy) :: Item [295] is hard to place, performance drops: "WorkingBoots_Beige"
 1:11:27.207 [CE][LootRespawner] (PRIDummy) :: Item [296] is hard to place, performance drops: "WorkingBoots_Beige"
 1:11:27.208 [CE][LootRespawner] (PRIDummy) :: Item [297] is hard to place, performance drops: "WorkingBoots_Beige"
 1:11:27.208 [CE][LootRespawner] (PRIDummy) :: Item [298] is hard to place, performance drops: "WorkingBoots_Beige"
 1:11:27.214 [CE][LootRespawner] (PRIDummy) :: Initially (re)spawned:6411, Nominal:6415, Total in Map: 6436 at 3 (sec)
 1:11:27.214   tests:6712, repeats:2 fails:299, overtime:30
 1:11:27.217 [CE][Links] found 0 total links between groups, of 1
 1:11:27.217 [CE][SpawnRandomLoot] (StaticMedDrop) :: Type: Misc_cargo_cont_net1, lootmin: 4, lootmax: 6, wanted: 5, deloot: 2, containermaxsum: 6
 1:11:27.221 [CE][Links] found 0 total links between groups, of 2
 1:11:27.221 [CE][SpawnRandomLoot] (StaticMedDrop) :: Type: Misc_cargo_cont_net1, lootmin: 4, lootmax: 6, wanted: 4, deloot: 2, containermaxsum: 6
 1:11:27.224 [CE][Links] found 0 total links between groups, of 3
 1:11:27.224 [CE][SpawnRandomLoot] (StaticMedDrop) :: Type: Misc_cargo_cont_net1, lootmin: 4, lootmax: 6, wanted: 4, deloot: 2, containermaxsum: 6
 1:11:27.227 [CE][Links] found 0 total links between groups, of 4
 1:11:27.227 [CE][SpawnRandomLoot] (StaticMedDrop) :: Type: Misc_cargo_cont_net1, lootmin: 4, lootmax: 6, wanted: 4, deloot: 2, containermaxsum: 6
 1:11:27.230 [CE][Links] found 0 total links between groups, of 5
 1:11:27.230 [CE][SpawnRandomLoot] (StaticMedDrop) :: Type: Misc_cargo_cont_net1, lootmin: 4, lootmax: 6, wanted: 5, deloot: 2, containermaxsum: 6
 1:11:27.232 [CE][Links] found 0 total links between groups, of 6
 1:11:27.232 [CE][SpawnRandomLoot] (StaticMedDrop) :: Type: Misc_cargo_cont_net1, lootmin: 4, lootmax: 6, wanted: 4, deloot: 2, containermaxsum: 6
 1:11:27.235 [CE][Links] found 0 total links between groups, of 7
 1:11:27.235 [CE][SpawnRandomLoot] (StaticLifeboat) :: Type: sea_oilrig_lifeboat, lootmin: 2, lootmax: 5, wanted: 2, deloot: 2, containermaxsum: 5
 1:11:27.312  WORLD        : Create entity type 'ZmbM_PatrolNormal_Summer'
 1:11:27.312   MATERIAL  (E): Object dz/characters/zombies/z_hermit_m.xob - cannot load material Material_1.emat
 1:11:27.699  WORLD        : Create entity type 'Animal_CapraHircusF'
 1:11:27.699   ENTITY    (E): Type 'ManType' must be inherited from class 'DayZAnimalType'
 1:11:27.705  WORLD        : Create entity type 'Animal_OvisAries'
 1:11:27.705   ENTITY    (E): Type 'ManType' must be inherited from class 'DayZAnimalType'
 1:11:27.707  WORLD        : Create entity type 'Animal_RangiferTarandus'
 1:11:27.707   ENTITY    (E): Type 'ManType' must be inherited from class 'DayZAnimalType'
 1:11:27.709  WORLD        : Create entity type 'Animal_RangiferTarandusF'
 1:11:27.709   ENTITY    (E): Type 'ManType' must be inherited from class 'DayZAnimalType'
 1:11:27.712  WORLD        : Create entity type 'Animal_SusScrofa'
 1:11:27.712   ENTITY    (E): Type 'ManType' must be inherited from class 'DayZAnimalType'
 1:11:27.715  WORLD        : Create entity type 'Animal_CanisLupus_Grey'
 1:11:27.715   ENTITY    (E): Type 'ManType' must be inherited from class 'DayZAnimalType'
 1:11:27.720  WORLD        : Create entity type 'Animal_CanisLupus_White'
 1:11:27.720   ENTITY    (E): Type 'ManType' must be inherited from class 'DayZAnimalType'
 1:11:27.727  WORLD        : Create entity type 'Animal_UrsusArctos'
 1:11:27.727   ENTITY    (E): Type 'ManType' must be inherited from class 'DayZAnimalType'
 1:11:27.733  WORLD        : Create entity type 'Animal_UrsusMaritimus'
 1:11:27.733   ENTITY    (E): Type 'ManType' must be inherited from class 'DayZAnimalType'
 1:11:27.753  ENTITY    (W): Unknown object class 'pond' (dz\water_sakhal\ice_lake\sakhal_50x50_ice_lake_clear.p3d)
 1:11:27.846  ENTITY       : Load entity type 'Land_Rail_Warehouse_Small'
 1:11:27.846   ENTITY    (W): Door 'DoorsTwin1' is missing geometry components for selection 'DoorsTwin1', check model+config
 1:11:27.846   ENTITY    (W): Door 'DoorsTwin2' is missing geometry components for selection 'DoorsTwin2', check model+config
 1:11:27.889 [CE][DynEvent] :: 23 types
 1:11:27.889 [00] Loot
 1:11:27.889   Primary Spawner: "Loot", active: yes, repeat: 2
 1:11:27.889 [01] StaticMedDrop
 1:11:27.889   Primary Spawner: "Static", active: yes, repeat: 1
 1:11:27.889 [02] StaticLifeboat
 1:11:27.889   Primary Spawner: "Static", active: yes, repeat: 1
 1:11:27.889 [03] ItemWoodenPlanks
 1:11:27.889   Primary Spawner: "Item", active: yes, repeat: 1
 1:11:27.889 [04] TrajectoryStones
 1:11:27.889   Primary Spawner: "Trajectory", active: yes, repeat: 1
 1:11:27.889 [05] InfectedSanta
 1:11:27.889   Primary Spawner: "Infected", active: yes, repeat: 1
 1:11:27.889 [06] InfectedArmy
 1:11:27.889   Primary Spawner: "Infected", active: yes, repeat: 1
 1:11:27.889 [07] InfectedIndustrial
 1:11:27.889   Primary Spawner: "Infected", active: yes, repeat: 1
 1:11:27.889 [08] InfectedCivil
 1:11:27.889   Primary Spawner: "Infected", active: yes, repeat: 1
 1:11:27.889 [09] InfectedMedic
 1:11:27.889   Primary Spawner: "Infected", active: yes, repeat: 1
 1:11:27.889 [10] AnimalGoat
 1:11:27.889   Primary Spawner: "Animal", active: yes, repeat: 1
 1:11:27.889 [11] AnimalSheep
 1:11:27.889   Primary Spawner: "Animal", active: yes, repeat: 1
 1:11:27.889 [12] AnimalReindeer
 1:11:27.889   Primary Spawner: "Animal", active: yes, repeat: 1
 1:11:27.889 [13] AnimalWildBoar
 1:11:27.889   Primary Spawner: "Animal", active: yes, repeat: 1
 1:11:27.889 [14] AnimalWolf
 1:11:27.889   Primary Spawner: "Animal", active: yes, repeat: 1
 1:11:27.889 [15] AnimalBrownBear
 1:11:27.889   Primary Spawner: "Animal", active: yes, repeat: 1
 1:11:27.889 [16] AnimalPolarBear
 1:11:27.889   Primary Spawner: "Animal", active: yes, repeat: 1
 1:11:27.889 [17] AmbientFox
 1:11:27.889   Primary Spawner: "Ambient", active: yes, repeat: 1
 1:11:27.889 [18] AmbientHare
 1:11:27.889   Primary Spawner: "Ambient", active: yes, repeat: 1
 1:11:27.889 [19] VehicleRubberBoats
 1:11:27.889   Primary Spawner: "Vehicle", active: yes, repeat: 1
 1:11:27.889 [20] VehicleCivilianCars
 1:11:27.889   Primary Spawner: "Vehicle", active: yes, repeat: 1
 1:11:27.889 [21] VehicleTrucks
 1:11:27.889   Primary Spawner: "Vehicle", active: yes, repeat: 1
 1:11:27.889 [22] VehicleMilitary
 1:11:27.889   Primary Spawner: "Vehicle", active: yes, repeat: 1
 1:11:27.889 [CE][Hive] :: Initializing of spawners done.
 1:11:27.892 [CE][Hive] :: Init sequence finished.
 1:11:27.892 Player connect enabled
 1:11:27.957 ENTITY    (W): Unknown object class 'pond' (nst\ns\water\lakewater.p3d)
 1:11:27.957 ENTITY    (W): Unknown object class 'pond' (nst\ns\water\lakewater.p3d)
 1:11:27.958 ENTITY    (W): Unknown object class 'pond' (nst\ns\water\lakewater.p3d)
 1:11:27.958 ENTITY    (W): Unknown object class 'pond' (nst\ns\water\lakewater.p3d)
 1:11:27.958 ENTITY    (W): Unknown object class 'pond' (nst\ns\water\lakewater.p3d)
 1:11:27.959 ENTITY    (W): Unknown object class 'pond' (nst\ns\water\lakewater.p3d)
 1:11:27.959 ENTITY    (W): Unknown object class 'pond' (nst\ns\water\lakewater.p3d)
 1:11:27.966 ENTITY    (W): Unknown object class 'pond' (nst\ns\water\lakewater.p3d)
 1:11:28.158 [IdleMode] Entering IN - save processed
 1:11:28.160 ENTITY    (W): Unknown object class 'pond' (dz\water_sakhal\ice_lake\sakhal_50x50_ice_lake_clear.p3d)
 1:11:28.161 ENTITY    (W): Unknown object class 'pond' (dz\water_sakhal\ice_lake\sakhal_50x50_ice_lake_clear.p3d)
 1:11:28.161 ENTITY    (W): Unknown object class 'pond' (dz\water_sakhal\ice_lake\sakhal_50x50_ice_lake_clear.p3d)
 1:11:28.164 ENTITY    (W): Unknown object class 'pond' (nst\ns\water\lakewater.p3d)
 1:11:28.165 ENTITY    (W): Unknown object class 'pond' (nst\ns\water\lakewater.p3d)
 1:11:28.165 ENTITY    (W): Unknown object class 'pond' (nst\ns\water\lakewater.p3d)
 1:11:28.165 ENTITY    (W): Unknown object class 'pond' (nst\ns\water\lakewater.p3d)
 1:11:28.165 ENTITY    (W): Unknown object class 'pond' (nst\ns\water\lakewater.p3d)
 1:11:28.165 ENTITY    (W): Unknown object class 'pond' (nst\ns\water\lakewater.p3d)
 1:11:28.166 ENTITY    (W): Unknown object class 'pond' (nst\ns\water\lakewater.p3d)
 1:11:28.166 ENTITY    (W): Unknown object class 'pond' (nst\ns\water\lakewater.p3d)
 1:11:28.166 ENTITY    (W): Unknown object class 'pond' (nst\ns\water\lakewater.p3d)
 1:11:28.167 ENTITY    (W): Unknown object class 'pond' (nst\ns\water\lakewater.p3d)
 1:11:28.167 ENTITY    (W): Unknown object class 'pond' (nst\ns\water\lakewater.p3d)
 1:11:28.167 ENTITY    (W): Unknown object class 'pond' (nst\ns\water\lakewater.p3d)
 1:11:28.167 ENTITY    (W): Unknown object class 'pond' (nst\ns\water\lakewater.p3d)
 1:11:28.168 ENTITY    (W): Unknown object class 'pond' (dz\water_sakhal\ice_lake\sakhal_50x50_ice_lake_clear.p3d)
 1:11:28.168 ENTITY    (W): Unknown object class 'pond' (nst\ns\water\lakewater.p3d)
 1:11:28.168 ENTITY    (W): Unknown object class 'pond' (nst\ns\water\lakewater.p3d)
 1:11:28.169 ENTITY    (W): Unknown object class 'pond' (dz\water_sakhal\ice_lake\sakhal_50x50_ice_lake_clear.p3d)
 1:11:28.189 ENTITY    (W): Unknown object class 'pond' (nst\ns\water\lakewater.p3d)
 1:11:28.189 ENTITY    (W): Unknown object class 'pond' (nst\ns\water\lakewater.p3d)
 1:11:28.233 ENTITY    (W): Unknown object class 'pond' (nst\ns\water\lakewater.p3d)
 1:11:28.234 ENTITY    (W): Unknown object class 'pond' (nst\ns\water\lakewater.p3d)
 1:11:28.249 ENTITY    (W): Unknown object class 'pond' (dz\water_sakhal\ice_lake\sakhal_50x50_ice_lake_clear.p3d)
 1:11:28.252 ENTITY       : Load entity type 'land_seb_near_fac7'
 1:11:28.252  ENTITY    (W): Door 'doorstwin1' is missing geometry components for selection 'doorstwin1', check model+config
 1:11:28.292 ENTITY    (W): Unknown object class 'pond' (dz\water_sakhal\ice_lake\sakhal_50x50_ice_lake_clear.p3d)
 1:11:28.465 ENTITY       : Load entity type 'Land_City_School'
 1:11:28.465  ENTITY    (W): Door 'DoorsTwin1' is missing geometry components for selection 'DoorsTwin1', check model+config
 1:11:28.465  ENTITY    (W): Door 'DoorsTwin3' is missing geometry components for selection 'DoorsTwin3', check model+config
 1:11:28.465  ENTITY    (W): Door 'DoorsTwin4' is missing geometry components for selection 'DoorsTwin4', check model+config
 1:11:28.465  ENTITY    (W): Door 'DoorsTwin5' is missing geometry components for selection 'DoorsTwin5', check model+config
 1:11:28.465  ENTITY    (W): Door 'DoorsTwin6' is missing geometry components for selection 'DoorsTwin6', check model+config
 1:11:28.466  ENTITY    (W): Door 'DoorsTwin7' is missing geometry components for selection 'DoorsTwin7', check model+config
 1:11:28.474  ENTITY    (W): Unknown object class 'thing' (dz\structures\proxy_buildingparts\lightningcond\lightningconductormiddle\lightningconductormiddle.p3d)
 1:11:28.474  ENTITY    (W): Unknown object class 'thing' (dz\structures\proxy_buildingparts\lightningcond\lightningconductormiddle\lightningconductormiddle.p3d)
 1:11:28.475  ENTITY    (W): Unknown object class 'thing' (dz\structures\proxy_buildingparts\lightningcond\lightningconductormiddle\lightningconductormiddle.p3d)
 1:11:28.475  ENTITY    (W): Unknown object class 'thing' (dz\structures\proxy_buildingparts\lightningcond\lightningconductormiddle\lightningconductormiddle.p3d)
 1:11:28.475  ENTITY    (W): Unknown object class 'thing' (dz\structures\proxy_buildingparts\lightningcond\lightningconductormiddle\lightningconductormiddle.p3d)
 1:11:28.475  ENTITY    (W): Unknown object class 'thing' (dz\structures\proxy_buildingparts\lightningcond\lightningconductormiddle\lightningconductormiddle.p3d)
 1:11:28.475  ENTITY    (W): Unknown object class 'thing' (dz\structures\proxy_buildingparts\lightningcond\lightningconductormiddle\lightningconductormiddle.p3d)
 1:11:28.475  ENTITY    (W): Unknown object class 'thing' (dz\structures\proxy_buildingparts\lightningcond\lightningconductormiddle\lightningconductormiddle.p3d)
 1:11:28.475  ENTITY    (W): Unknown object class 'thing' (dz\structures\proxy_buildingparts\lightningcond\lightningconductormiddle\lightningconductormiddle.p3d)
 1:11:28.475  ENTITY    (W): Unknown object class 'thing' (dz\structures\proxy_buildingparts\lightningcond\lightningconductormiddle\lightningconductormiddle.p3d)
 1:11:28.475  ENTITY    (W): Unknown object class 'thing' (dz\structures\proxy_buildingparts\lightningcond\lightningconductormiddle\lightningconductormiddle.p3d)
 1:11:28.475  ENTITY    (W): Unknown object class 'thing' (dz\structures\proxy_buildingparts\lightningcond\lightningconductormiddle\lightningconductormiddle.p3d)
 1:11:28.475  ENTITY    (W): Unknown object class 'thing' (dz\structures\proxy_buildingparts\lightningcond\lightningconductormiddle\lightningconductormiddle.p3d)
 1:11:28.475  ENTITY    (W): Unknown object class 'thing' (dz\structures\proxy_buildingparts\lightningcond\lightningconductormiddle\lightningconductormiddle.p3d)
 1:11:28.475  ENTITY    (W): Unknown object class 'thing' (dz\structures\proxy_buildingparts\lightningcond\lightningconductormiddle\lightningconductormiddle.p3d)
 1:11:28.475  ENTITY    (W): Unknown object class 'thing' (dz\structures\proxy_buildingparts\lightningcond\lightningconductormiddle\lightningconductormiddle.p3d)
 1:11:28.475  ENTITY    (W): Unknown object class 'thing' (dz\structures\proxy_buildingparts\lightningcond\lightningconductormiddle\lightningconductormiddle.p3d)
 1:11:28.475  ENTITY    (W): Unknown object class 'thing' (dz\structures\proxy_buildingparts\lightningcond\lightningconductormiddle\lightningconductormiddle.p3d)
 1:11:28.475  ENTITY    (W): Unknown object class 'thing' (dz\structures\proxy_buildingparts\lightningcond\lightningconductormiddle\lightningconductormiddle.p3d)
 1:11:28.475  ENTITY    (W): Unknown object class 'thing' (dz\structures\proxy_buildingparts\lightningcond\lightningconductormiddle\lightningconductormiddle.p3d)
 1:11:28.475  ENTITY    (W): Unknown object class 'thing' (dz\structures\proxy_buildingparts\lightningcond\lightningconductormiddle\lightningconductormiddle.p3d)
 1:11:28.475  ENTITY    (W): Unknown object class 'thing' (dz\structures\proxy_buildingparts\lightningcond\lightningconductormiddle\lightningconductormiddle.p3d)
 1:11:28.475  ENTITY    (W): Unknown object class 'thing' (dz\structures\proxy_buildingparts\lightningcond\lightningconductormiddle\lightningconductormiddle.p3d)
 1:11:28.475  ENTITY    (W): Unknown object class 'thing' (dz\structures\proxy_buildingparts\lightningcond\lightningconductormiddle\lightningconductormiddle.p3d)
 1:11:28.475  ENTITY    (W): Unknown object class 'thing' (dz\structures\proxy_buildingparts\lightningcond\lightningconductormiddle\lightningconductormiddle.p3d)
 1:11:28.475  ENTITY    (W): Unknown object class 'thing' (dz\structures\proxy_buildingparts\lightningcond\lightningconductormiddle\lightningconductormiddle.p3d)
 1:11:28.475  ENTITY    (W): Unknown object class 'thing' (dz\structures\proxy_buildingparts\lightningcond\lightningconductormiddle\lightningconductormiddle.p3d)
 1:11:28.475  ENTITY    (W): Unknown object class 'thing' (dz\structures\proxy_buildingparts\lightningcond\lightningconductormiddle\lightningconductormiddle.p3d)
 1:11:28.475  ENTITY    (W): Unknown object class 'thing' (dz\structures\proxy_buildingparts\lightningcond\lightningconductormiddle\lightningconductormiddle.p3d)
 1:11:28.475  ENTITY    (W): Unknown object class 'thing' (dz\structures\proxy_buildingparts\lightningcond\lightningconductormiddle\lightningconductormiddle.p3d)
 1:11:28.475  ENTITY    (W): Unknown object class 'thing' (dz\structures\proxy_buildingparts\lightningcond\lightningconductormiddle\lightningconductormiddle.p3d)
 1:11:28.475  ENTITY    (W): Unknown object class 'thing' (dz\structures\proxy_buildingparts\lightningcond\lightningconductormiddle\lightningconductormiddle.p3d)
 1:11:28.475  ENTITY    (W): Unknown object class 'thing' (dz\structures\proxy_buildingparts\lightningcond\lightningconductormiddle\lightningconductormiddle.p3d)
 1:11:28.475  ENTITY    (W): Unknown object class 'thing' (dz\structures\proxy_buildingparts\lightningcond\lightningconductormiddle\lightningconductormiddle.p3d)
 1:11:28.475  ENTITY    (W): Unknown object class 'thing' (dz\structures\proxy_buildingparts\lightningcond\lightningconductormiddle\lightningconductormiddle.p3d)
 1:11:28.475  ENTITY    (W): Unknown object class 'thing' (dz\structures\proxy_buildingparts\lightningcond\lightningconductormiddle\lightningconductormiddle.p3d)
 1:11:28.475  ENTITY    (W): Unknown object class 'thing' (dz\structures\proxy_buildingparts\lightningcond\lightningconductormiddle\lightningconductormiddle.p3d)
 1:11:28.475  ENTITY    (W): Unknown object class 'thing' (dz\structures\proxy_buildingparts\lightningcond\lightningconductormiddle\lightningconductormiddle.p3d)
 1:11:28.475  ENTITY    (W): Unknown object class 'thing' (dz\structures\proxy_buildingparts\lightningcond\lightningconductormiddle\lightningconductormiddle.p3d)
 1:11:28.475  ENTITY    (W): Unknown object class 'thing' (dz\structures\proxy_buildingparts\lightningcond\lightningconductormiddle\lightningconductormiddle.p3d)
 1:11:28.475  ENTITY    (W): Unknown object class 'thing' (dz\structures\proxy_buildingparts\lightningcond\lightningconductormiddle\lightningconductormiddle.p3d)
 1:11:28.475  ENTITY    (W): Unknown object class 'thing' (dz\structures\proxy_buildingparts\lightningcond\lightningconductormiddle\lightningconductormiddle.p3d)
 1:11:28.475  ENTITY    (W): Unknown object class 'thing' (dz\structures\proxy_buildingparts\lightningcond\lightningconductormiddle\lightningconductormiddle.p3d)
 1:11:28.475  ENTITY    (W): Unknown object class 'thing' (dz\structures\proxy_buildingparts\lightningcond\lightningconductormiddle\lightningconductormiddle.p3d)
 1:11:28.475  ENTITY    (W): Unknown object class 'thing' (dz\structures\proxy_buildingparts\lightningcond\lightningconductormiddle\lightningconductormiddle.p3d)
 1:11:28.475  ENTITY    (W): Unknown object class 'thing' (dz\structures\proxy_buildingparts\lightningcond\lightningconductormiddle\lightningconductormiddle.p3d)
 1:11:28.475  ENTITY    (W): Unknown object class 'thing' (dz\structures\proxy_buildingparts\lightningcond\lightningconductormiddle\lightningconductormiddle.p3d)
 1:11:28.475  ENTITY    (W): Unknown object class 'thing' (dz\structures\proxy_buildingparts\lightningcond\lightningconductormiddle\lightningconductormiddle.p3d)
 1:11:28.475  ENTITY    (W): Unknown object class 'thing' (dz\structures\proxy_buildingparts\lightningcond\lightningconductormiddle\lightningconductormiddle.p3d)
 1:11:28.475  ENTITY    (W): Unknown object class 'thing' (dz\structures\proxy_buildingparts\lightningcond\lightningconductormiddle\lightningconductormiddle.p3d)
 1:11:28.475  ENTITY    (W): Unknown object class 'thing' (dz\structures\proxy_buildingparts\lightningcond\lightningconductormiddle\lightningconductormiddle.p3d)
 1:11:28.575 ENTITY       : Load entity type 'Land_Ruin_HouseBig1_NoIvy'
 1:11:28.575  ENTITY    (W): Door 'DoorsTwin1' is missing geometry components for selection 'DoorsTwin1', check model+config
 1:11:28.631 ENTITY       : Load entity type 'Land_Ruin_HouseBig1_NoIvy_Half'
 1:11:28.631  ENTITY    (W): Door 'DoorsTwin1' is missing geometry components for selection 'DoorsTwin1', check model+config
 1:11:28.690 ENTITY       : Load entity type 'Land_Boathouse'
 1:11:28.690  ENTITY    (W): Door 'DoorsTwin1' is missing geometry components for selection 'DoorsTwin1', check model+config
 1:11:28.750 ENTITY       : Load entity type 'Land_Ruin_HouseBig2_NoIvy'
 1:11:28.750  ENTITY    (W): Door 'DoorsTwin1' is missing geometry components for selection 'DoorsTwin1', check model+config
 1:11:28.750  ENTITY    (W): Door 'DoorsTwin2' is missing geometry components for selection 'DoorsTwin2', check model+config
 1:11:33.269 ENTITY    (W): Unknown object class 'pond' (dz\water_sakhal\ice_lake\sakhal_50x50_ice_lake_clear.p3d)
 1:11:36.117 ENTITY    (W): Unknown object class 'pond' (nst\ns\water\lakewater_still.p3d)
 1:11:36.124 ENTITY    (W): Unknown object class 'pond' (nst\ns\water\lakewater_still.p3d)
 1:11:39.164 ENTITY    (W): Unknown object class 'pond' (dz\water_sakhal\ice_lake\sakhal_50x50_ice_lake_clear.p3d)
 1:11:39.164 ENTITY    (W): Unknown object class 'pond' (dz\water_sakhal\ice_lake\sakhal_50x50_ice_lake_clear.p3d)
 1:11:47.598 ENTITY    (W): Unknown object class 'pond' (dz\water_sakhal\ice_lake\sakhal_50x50_ice_lake_clear.p3d)
 1:11:50.444 ENTITY    (W): Unknown object class 'pond' (dz\water_sakhal\ice_lake\sakhal_50x50_ice_lake_clear.p3d)
 1:11:50.444 ENTITY    (W): Unknown object class 'pond' (dz\water_sakhal\ice_lake\sakhal_50x50_ice_lake_clear.p3d)
 1:11:52.798 ENTITY    (W): Unknown object class 'pond' (dz\water_sakhal\ice_lake\sakhal_50x50_ice_lake_clear.p3d)
 1:12:09.16  ENTITY    (W): Unknown object class 'pond' (nst\ns\water\lakewater.p3d)
 1:12:09.16  ENTITY    (W): Unknown object class 'pond' (nst\ns\water\lakewater.p3d)
 1:12:09.16  ENTITY    (W): Unknown object class 'pond' (nst\ns\water\lakewater.p3d)
 1:12:09.16  ENTITY    (W): Unknown object class 'pond' (nst\ns\water\lakewater.p3d)
 1:12:09.16  ENTITY    (W): Unknown object class 'pond' (nst\ns\water\lakewater.p3d)
 1:12:09.16  ENTITY    (W): Unknown object class 'pond' (nst\ns\water\lakewater.p3d)
 1:12:09.16  ENTITY    (W): Unknown object class 'pond' (nst\ns\water\lakewater.p3d)
 1:12:09.16  ENTITY    (W): Unknown object class 'pond' (nst\ns\water\lakewater.p3d)
 1:12:09.16  ENTITY    (W): Unknown object class 'pond' (nst\ns\water\lakewater.p3d)
 1:12:09.393 ENTITY    (W): Unknown object class 'pond' (nst\ns\water\lakewater.p3d)
 1:12:09.393 ENTITY    (W): Unknown object class 'pond' (nst\ns\water\lakewater.p3d)
 1:12:09.394 ENTITY    (W): Unknown object class 'pond' (nst\ns\water\lakewater.p3d)
 1:12:09.394 ENTITY    (W): Unknown object class 'pond' (nst\ns\water\lakewater.p3d)
 1:12:09.394 ENTITY    (W): Unknown object class 'pond' (nst\ns\water\lakewater.p3d)
 1:12:09.395 ENTITY    (W): Unknown object class 'pond' (nst\ns\water\lakewater.p3d)
 1:12:16.327 [Login]: Adding player Survivor (121864391) to login queue at position 0
 1:12:16.327 [LoginMachine]: Add player Survivor (121864391 192.168.0.103:64048)
 1:12:16.327 [StateMachine]: Player Survivor (dpnid 121864391 uid ) Entering AuthPlayerLoginState
 1:12:16.328 [StateMachine]: Player Survivor (dpnid 121864391 uid ) Entering WaitAuthPlayerLoginState
 1:12:19.20  Игрок Survivor соединяется.
 1:12:19.92  [StateMachine]: Player Survivor (dpnid 121864391 uid ) Entering WaitPlayerAssignedLoginState
 1:12:19.191 [IdleMode] Leaving OUT
 1:12:19.248 [StateMachine]: Player Survivor (dpnid 121864391 uid ) Entering PlayerAssignedLoginState
 1:12:19.248 [StateMachine]: Player Survivor (dpnid 121864391 uid x_MJ2w6DZznhQeYHMWeX7_S9NuAxgYSiQqpLVIMNfrA=) Entering DBGetLoginTimeLoginState
 1:12:19.301 [StateMachine]: Player Survivor (dpnid 121864391 uid x_MJ2w6DZznhQeYHMWeX7_S9NuAxgYSiQqpLVIMNfrA=) Entering DBWaitLoginTimeLoginState
 1:12:34.301 [StateMachine]: Player Survivor (dpnid 121864391 uid x_MJ2w6DZznhQeYHMWeX7_S9NuAxgYSiQqpLVIMNfrA=) Entering DBGetCharacterLoginState
 1:12:34.302 [StateMachine]: Player Survivor (dpnid 121864391 uid x_MJ2w6DZznhQeYHMWeX7_S9NuAxgYSiQqpLVIMNfrA=) Entering CreateNetObjectsLoginState
 1:12:34.302 [CE][PlayerSpawnPoints][GRP_DBG] :: Selected: { no group } | idx: 0 (ut: 100672 | lt: 0 | ctr: 0)
 1:12:34.302 [CE][PlayerSpawnPoints][GRP_DBG] :: Current: { no group } | idx: 0 (ct: 100672 | ut: 100672 | lt: 0 | ctr: 0)
 1:12:34.302 [CE][PlayerSpawnPoints][GRP_DBG] :: Current: { no group } index: 0 (lt: 0 | ctr: 0)
 1:12:34.302 [CE][PlayerSpawnPoints][GRP_DBG] :: Selected: { no group } | idx: 0 (ut: 100672 | lt: 0 | ctr: 0)
 1:12:34.306 [StateMachine]: Player Survivor (dpnid 121864391 uid x_MJ2w6DZznhQeYHMWeX7_S9NuAxgYSiQqpLVIMNfrA=) Entering PreloadCamLoginState
 1:12:34.306 [StateMachine]: Player Survivor (dpnid 121864391 uid x_MJ2w6DZznhQeYHMWeX7_S9NuAxgYSiQqpLVIMNfrA=) Entering WaitPreloadCamLoginState
 1:12:36.775 [StateMachine]: Player Survivor (dpnid 121864391 uid x_MJ2w6DZznhQeYHMWeX7_S9NuAxgYSiQqpLVIMNfrA=) Entering GetNewCharLoginState
 1:12:36.814 NETWORK      : Network simulation
 1:12:36.814  WORLD        : Create entity type 'SurvivorF_Maria'
 1:12:36.814   MATERIAL  (E): Object dz/characters/bodies/player_testing.xob - cannot load material cross_red.emat
 1:12:39.451 Подключился игрок Survivor (id=x_MJ2w6DZznhQeYHMWeX7_S9NuAxgYSiQqpLVIMNfrA=).
 1:12:39.451 Player "Survivor" (steamID=76561199587900842 pos=<5005.8, 11353.2, 7.4>) is connected
 1:12:39.460 <CREATE NEW CHAR>:
    charID 1
    playerID 1
    dpnid 121864391
    uid x_MJ2w6DZznhQeYHMWeX7_S9NuAxgYSiQqpLVIMNfrA=
 1:12:43.886 [CE][LootRespawner] (PRIDummy) :: Item [30] causing search overtime: "StarlightOptic"
 1:12:43.986 [CE][LootRespawner] (PRIDummy) :: Item [31] causing search overtime: "dzn_netanyas_log"
 1:13:01.561 Player Survivor (121864391) kicked from server: 240 ( (Game restart required))
 1:13:01.567 [Disconnect]: Client 121864391 early disconnect
 1:13:01.567 [Disconnect]: Start script disconnect 121864391 (dbCharacterId 1 dbPlayerId 1) logoutTime 15
 1:13:02.460 [Disconnect]: Remove player info 121864391
 1:13:02.461 [Disconnect]: Player destroy 121864391 
 1:13:11.744  --- Termination successfully completed --- 
